Archive member included to satisfy reference by file (symbol)

D:\code\UAL-EC~1\ARDUIN~1\ARDUIN~1\STEER_~1\ARDUIN~1\Release\libArduinoCore.a(HardwareSerial.o)
                              Sketch.o (_ZN14HardwareSerial9availableEv)
D:\code\UAL-EC~1\ARDUIN~1\ARDUIN~1\STEER_~1\ARDUIN~1\Release\libArduinoCore.a(HardwareSerial0.o)
                              Sketch.o (Serial)
D:\code\UAL-EC~1\ARDUIN~1\ARDUIN~1\STEER_~1\ARDUIN~1\Release\libArduinoCore.a(main.o)
                              C:/Program Files (x86)/Atmel/Studio/7.0/Packs/atmel/ATmega_DFP/1.0.106/gcc/dev/atmega328p/avr5/crtatmega328p.o (main)
D:\code\UAL-EC~1\ARDUIN~1\ARDUIN~1\STEER_~1\ARDUIN~1\Release\libArduinoCore.a(Print.o)
                              Sketch.o (_ZN5Print5writeEPKhj)
D:\code\UAL-EC~1\ARDUIN~1\ARDUIN~1\STEER_~1\ARDUIN~1\Release\libArduinoCore.a(wiring.o)
                              Sketch.o (delay)
D:\code\UAL-EC~1\ARDUIN~1\ARDUIN~1\STEER_~1\ARDUIN~1\Release\libArduinoCore.a(wiring_digital.o)
                              Sketch.o (pinMode)
D:\code\UAL-EC~1\ARDUIN~1\ARDUIN~1\STEER_~1\ARDUIN~1\Release\libArduinoCore.a(SPI.o)
                              Sketch.o (_ZN8SPIClass5beginEv)
D:\code\UAL-EC~1\ARDUIN~1\ARDUIN~1\STEER_~1\ARDUIN~1\Release\libArduinoCore.a(abi.o)
                              D:\code\UAL-EC~1\ARDUIN~1\ARDUIN~1\STEER_~1\ARDUIN~1\Release\libArduinoCore.a(Print.o) (__cxa_pure_virtual)
D:\code\UAL-EC~1\ARDUIN~1\ARDUIN~1\STEER_~1\ARDUIN~1\Release\libArduinoCore.a(hooks.o)
                              D:\code\UAL-EC~1\ARDUIN~1\ARDUIN~1\STEER_~1\ARDUIN~1\Release\libArduinoCore.a(wiring.o) (yield)
c:/program files (x86)/atmel/studio/7.0/toolchain/avr8/avr8-gnu-toolchain/bin/../lib/gcc/avr/4.9.2/../../../../avr/lib/avr5\libm.a(addsf3.o)
                              D:\code\UAL-EC~1\ARDUIN~1\ARDUIN~1\STEER_~1\ARDUIN~1\Release\libArduinoCore.a(Print.o) (__subsf3)
c:/program files (x86)/atmel/studio/7.0/toolchain/avr8/avr8-gnu-toolchain/bin/../lib/gcc/avr/4.9.2/../../../../avr/lib/avr5\libm.a(addsf3x.o)
                              c:/program files (x86)/atmel/studio/7.0/toolchain/avr8/avr8-gnu-toolchain/bin/../lib/gcc/avr/4.9.2/../../../../avr/lib/avr5\libm.a(addsf3.o) (__addsf3x)
c:/program files (x86)/atmel/studio/7.0/toolchain/avr8/avr8-gnu-toolchain/bin/../lib/gcc/avr/4.9.2/../../../../avr/lib/avr5\libm.a(cmpsf2.o)
                              D:\code\UAL-EC~1\ARDUIN~1\ARDUIN~1\STEER_~1\ARDUIN~1\Release\libArduinoCore.a(Print.o) (__ltsf2)
c:/program files (x86)/atmel/studio/7.0/toolchain/avr8/avr8-gnu-toolchain/bin/../lib/gcc/avr/4.9.2/../../../../avr/lib/avr5\libm.a(divsf3.o)
                              D:\code\UAL-EC~1\ARDUIN~1\ARDUIN~1\STEER_~1\ARDUIN~1\Release\libArduinoCore.a(Print.o) (__divsf3)
c:/program files (x86)/atmel/studio/7.0/toolchain/avr8/avr8-gnu-toolchain/bin/../lib/gcc/avr/4.9.2/../../../../avr/lib/avr5\libm.a(divsf3x.o)
                              c:/program files (x86)/atmel/studio/7.0/toolchain/avr8/avr8-gnu-toolchain/bin/../lib/gcc/avr/4.9.2/../../../../avr/lib/avr5\libm.a(divsf3.o) (__divsf3x)
c:/program files (x86)/atmel/studio/7.0/toolchain/avr8/avr8-gnu-toolchain/bin/../lib/gcc/avr/4.9.2/../../../../avr/lib/avr5\libm.a(fixunssfsi.o)
                              D:\code\UAL-EC~1\ARDUIN~1\ARDUIN~1\STEER_~1\ARDUIN~1\Release\libArduinoCore.a(Print.o) (__fixunssfsi)
c:/program files (x86)/atmel/studio/7.0/toolchain/avr8/avr8-gnu-toolchain/bin/../lib/gcc/avr/4.9.2/../../../../avr/lib/avr5\libm.a(floatsisf.o)
                              D:\code\UAL-EC~1\ARDUIN~1\ARDUIN~1\STEER_~1\ARDUIN~1\Release\libArduinoCore.a(Print.o) (__floatunsisf)
c:/program files (x86)/atmel/studio/7.0/toolchain/avr8/avr8-gnu-toolchain/bin/../lib/gcc/avr/4.9.2/../../../../avr/lib/avr5\libm.a(fp_cmp.o)
                              c:/program files (x86)/atmel/studio/7.0/toolchain/avr8/avr8-gnu-toolchain/bin/../lib/gcc/avr/4.9.2/../../../../avr/lib/avr5\libm.a(cmpsf2.o) (__fp_cmp)
c:/program files (x86)/atmel/studio/7.0/toolchain/avr8/avr8-gnu-toolchain/bin/../lib/gcc/avr/4.9.2/../../../../avr/lib/avr5\libm.a(fp_inf.o)
                              c:/program files (x86)/atmel/studio/7.0/toolchain/avr8/avr8-gnu-toolchain/bin/../lib/gcc/avr/4.9.2/../../../../avr/lib/avr5\libm.a(addsf3x.o) (__fp_inf)
c:/program files (x86)/atmel/studio/7.0/toolchain/avr8/avr8-gnu-toolchain/bin/../lib/gcc/avr/4.9.2/../../../../avr/lib/avr5\libm.a(fp_nan.o)
                              c:/program files (x86)/atmel/studio/7.0/toolchain/avr8/avr8-gnu-toolchain/bin/../lib/gcc/avr/4.9.2/../../../../avr/lib/avr5\libm.a(addsf3x.o) (__fp_nan)
c:/program files (x86)/atmel/studio/7.0/toolchain/avr8/avr8-gnu-toolchain/bin/../lib/gcc/avr/4.9.2/../../../../avr/lib/avr5\libm.a(fp_pscA.o)
                              c:/program files (x86)/atmel/studio/7.0/toolchain/avr8/avr8-gnu-toolchain/bin/../lib/gcc/avr/4.9.2/../../../../avr/lib/avr5\libm.a(addsf3x.o) (__fp_pscA)
c:/program files (x86)/atmel/studio/7.0/toolchain/avr8/avr8-gnu-toolchain/bin/../lib/gcc/avr/4.9.2/../../../../avr/lib/avr5\libm.a(fp_pscB.o)
                              c:/program files (x86)/atmel/studio/7.0/toolchain/avr8/avr8-gnu-toolchain/bin/../lib/gcc/avr/4.9.2/../../../../avr/lib/avr5\libm.a(addsf3x.o) (__fp_pscB)
c:/program files (x86)/atmel/studio/7.0/toolchain/avr8/avr8-gnu-toolchain/bin/../lib/gcc/avr/4.9.2/../../../../avr/lib/avr5\libm.a(fp_round.o)
                              c:/program files (x86)/atmel/studio/7.0/toolchain/avr8/avr8-gnu-toolchain/bin/../lib/gcc/avr/4.9.2/../../../../avr/lib/avr5\libm.a(addsf3.o) (__fp_round)
c:/program files (x86)/atmel/studio/7.0/toolchain/avr8/avr8-gnu-toolchain/bin/../lib/gcc/avr/4.9.2/../../../../avr/lib/avr5\libm.a(fp_split3.o)
                              c:/program files (x86)/atmel/studio/7.0/toolchain/avr8/avr8-gnu-toolchain/bin/../lib/gcc/avr/4.9.2/../../../../avr/lib/avr5\libm.a(addsf3x.o) (__fp_split3)
c:/program files (x86)/atmel/studio/7.0/toolchain/avr8/avr8-gnu-toolchain/bin/../lib/gcc/avr/4.9.2/../../../../avr/lib/avr5\libm.a(fp_zero.o)
                              c:/program files (x86)/atmel/studio/7.0/toolchain/avr8/avr8-gnu-toolchain/bin/../lib/gcc/avr/4.9.2/../../../../avr/lib/avr5\libm.a(addsf3x.o) (__fp_zero)
c:/program files (x86)/atmel/studio/7.0/toolchain/avr8/avr8-gnu-toolchain/bin/../lib/gcc/avr/4.9.2/../../../../avr/lib/avr5\libm.a(gesf2.o)
                              D:\code\UAL-EC~1\ARDUIN~1\ARDUIN~1\STEER_~1\ARDUIN~1\Release\libArduinoCore.a(Print.o) (__gtsf2)
c:/program files (x86)/atmel/studio/7.0/toolchain/avr8/avr8-gnu-toolchain/bin/../lib/gcc/avr/4.9.2/../../../../avr/lib/avr5\libm.a(mulsf3.o)
                              D:\code\UAL-EC~1\ARDUIN~1\ARDUIN~1\STEER_~1\ARDUIN~1\Release\libArduinoCore.a(Print.o) (__mulsf3)
c:/program files (x86)/atmel/studio/7.0/toolchain/avr8/avr8-gnu-toolchain/bin/../lib/gcc/avr/4.9.2/../../../../avr/lib/avr5\libm.a(mulsf3x.o)
                              c:/program files (x86)/atmel/studio/7.0/toolchain/avr8/avr8-gnu-toolchain/bin/../lib/gcc/avr/4.9.2/../../../../avr/lib/avr5\libm.a(mulsf3.o) (__mulsf3x)
c:/program files (x86)/atmel/studio/7.0/toolchain/avr8/avr8-gnu-toolchain/bin/../lib/gcc/avr/4.9.2/../../../../avr/lib/avr5\libm.a(unordsf2.o)
                              D:\code\UAL-EC~1\ARDUIN~1\ARDUIN~1\STEER_~1\ARDUIN~1\Release\libArduinoCore.a(Print.o) (__unordsf2)
c:/program files (x86)/atmel/studio/7.0/toolchain/avr8/avr8-gnu-toolchain/bin/../lib/gcc/avr/4.9.2/avr5\libgcc.a(_udivmodsi4.o)
                              D:\code\UAL-EC~1\ARDUIN~1\ARDUIN~1\STEER_~1\ARDUIN~1\Release\libArduinoCore.a(HardwareSerial.o) (__udivmodsi4)
c:/program files (x86)/atmel/studio/7.0/toolchain/avr8/avr8-gnu-toolchain/bin/../lib/gcc/avr/4.9.2/avr5\libgcc.a(_exit.o)
                              C:/Program Files (x86)/Atmel/Studio/7.0/Packs/atmel/ATmega_DFP/1.0.106/gcc/dev/atmega328p/avr5/crtatmega328p.o (exit)
c:/program files (x86)/atmel/studio/7.0/toolchain/avr8/avr8-gnu-toolchain/bin/../lib/gcc/avr/4.9.2/avr5\libgcc.a(_copy_data.o)
                              Sketch.o (__do_copy_data)
c:/program files (x86)/atmel/studio/7.0/toolchain/avr8/avr8-gnu-toolchain/bin/../lib/gcc/avr/4.9.2/avr5\libgcc.a(_clear_bss.o)
                              Sketch.o (__do_clear_bss)
c:/program files (x86)/atmel/studio/7.0/toolchain/avr8/avr8-gnu-toolchain/bin/../lib/gcc/avr/4.9.2/avr5\libgcc.a(_ctors.o)
                              D:\code\UAL-EC~1\ARDUIN~1\ARDUIN~1\STEER_~1\ARDUIN~1\Release\libArduinoCore.a(HardwareSerial0.o) (__do_global_ctors)
c:/program files (x86)/atmel/studio/7.0/toolchain/avr8/avr8-gnu-toolchain/bin/../lib/gcc/avr/4.9.2/avr5\libgcc.a(_tablejump2.o)
                              c:/program files (x86)/atmel/studio/7.0/toolchain/avr8/avr8-gnu-toolchain/bin/../lib/gcc/avr/4.9.2/avr5\libgcc.a(_ctors.o) (__tablejump2__)
c:/program files (x86)/atmel/studio/7.0/toolchain/avr8/avr8-gnu-toolchain/bin/../lib/gcc/avr/4.9.2/../../../../avr/lib/avr5\libc.a(abort.o)
                              D:\code\UAL-EC~1\ARDUIN~1\ARDUIN~1\STEER_~1\ARDUIN~1\Release\libArduinoCore.a(abi.o) (abort)

Discarded input sections

 .data          0x00000000        0x0 C:/Program Files (x86)/Atmel/Studio/7.0/Packs/atmel/ATmega_DFP/1.0.106/gcc/dev/atmega328p/avr5/crtatmega328p.o
 .bss           0x00000000        0x0 C:/Program Files (x86)/Atmel/Studio/7.0/Packs/atmel/ATmega_DFP/1.0.106/gcc/dev/atmega328p/avr5/crtatmega328p.o
 .group         0x00000000        0x8 Sketch.o
 .text          0x00000000        0x0 Sketch.o
 .data          0x00000000        0x0 Sketch.o
 .bss           0x00000000        0x0 Sketch.o
 .text._Z9flash_ledii
                0x00000000       0x64 Sketch.o
 .text._Z12reset_rx_bufv
                0x00000000        0x6 Sketch.o
 .group         0x00000000        0x8 D:\code\UAL-EC~1\ARDUIN~1\ARDUIN~1\STEER_~1\ARDUIN~1\Release\libArduinoCore.a(HardwareSerial.o)
 .text          0x00000000        0x0 D:\code\UAL-EC~1\ARDUIN~1\ARDUIN~1\STEER_~1\ARDUIN~1\Release\libArduinoCore.a(HardwareSerial.o)
 .data          0x00000000        0x0 D:\code\UAL-EC~1\ARDUIN~1\ARDUIN~1\STEER_~1\ARDUIN~1\Release\libArduinoCore.a(HardwareSerial.o)
 .bss           0x00000000        0x0 D:\code\UAL-EC~1\ARDUIN~1\ARDUIN~1\STEER_~1\ARDUIN~1\Release\libArduinoCore.a(HardwareSerial.o)
 .text._ZN14HardwareSerial3endEv
                0x00000000       0x44 D:\code\UAL-EC~1\ARDUIN~1\ARDUIN~1\STEER_~1\ARDUIN~1\Release\libArduinoCore.a(HardwareSerial.o)
 .text._ZN14HardwareSerial17availableForWriteEv
                0x00000000       0x1e D:\code\UAL-EC~1\ARDUIN~1\ARDUIN~1\STEER_~1\ARDUIN~1\Release\libArduinoCore.a(HardwareSerial.o)
 .text          0x00000000        0x0 D:\code\UAL-EC~1\ARDUIN~1\ARDUIN~1\STEER_~1\ARDUIN~1\Release\libArduinoCore.a(HardwareSerial0.o)
 .data          0x00000000        0x0 D:\code\UAL-EC~1\ARDUIN~1\ARDUIN~1\STEER_~1\ARDUIN~1\Release\libArduinoCore.a(HardwareSerial0.o)
 .bss           0x00000000        0x0 D:\code\UAL-EC~1\ARDUIN~1\ARDUIN~1\STEER_~1\ARDUIN~1\Release\libArduinoCore.a(HardwareSerial0.o)
 .text          0x00000000        0x0 D:\code\UAL-EC~1\ARDUIN~1\ARDUIN~1\STEER_~1\ARDUIN~1\Release\libArduinoCore.a(main.o)
 .data          0x00000000        0x0 D:\code\UAL-EC~1\ARDUIN~1\ARDUIN~1\STEER_~1\ARDUIN~1\Release\libArduinoCore.a(main.o)
 .bss           0x00000000        0x0 D:\code\UAL-EC~1\ARDUIN~1\ARDUIN~1\STEER_~1\ARDUIN~1\Release\libArduinoCore.a(main.o)
 .text.atexit   0x00000000        0x6 D:\code\UAL-EC~1\ARDUIN~1\ARDUIN~1\STEER_~1\ARDUIN~1\Release\libArduinoCore.a(main.o)
 .text._Z8setupUSBv
                0x00000000        0x2 D:\code\UAL-EC~1\ARDUIN~1\ARDUIN~1\STEER_~1\ARDUIN~1\Release\libArduinoCore.a(main.o)
 .group         0x00000000        0x8 D:\code\UAL-EC~1\ARDUIN~1\ARDUIN~1\STEER_~1\ARDUIN~1\Release\libArduinoCore.a(Print.o)
 .group         0x00000000        0x8 D:\code\UAL-EC~1\ARDUIN~1\ARDUIN~1\STEER_~1\ARDUIN~1\Release\libArduinoCore.a(Print.o)
 .text          0x00000000        0x0 D:\code\UAL-EC~1\ARDUIN~1\ARDUIN~1\STEER_~1\ARDUIN~1\Release\libArduinoCore.a(Print.o)
 .data          0x00000000        0x0 D:\code\UAL-EC~1\ARDUIN~1\ARDUIN~1\STEER_~1\ARDUIN~1\Release\libArduinoCore.a(Print.o)
 .bss           0x00000000        0x0 D:\code\UAL-EC~1\ARDUIN~1\ARDUIN~1\STEER_~1\ARDUIN~1\Release\libArduinoCore.a(Print.o)
 .text._ZN5Print5writeEPKc
                0x00000000       0x2a D:\code\UAL-EC~1\ARDUIN~1\ARDUIN~1\STEER_~1\ARDUIN~1\Release\libArduinoCore.a(Print.o)
 .text._ZN5Print5printEPK19__FlashStringHelper
                0x00000000       0x48 D:\code\UAL-EC~1\ARDUIN~1\ARDUIN~1\STEER_~1\ARDUIN~1\Release\libArduinoCore.a(Print.o)
 .text._ZN5Print5printERK6String
                0x00000000       0x1c D:\code\UAL-EC~1\ARDUIN~1\ARDUIN~1\STEER_~1\ARDUIN~1\Release\libArduinoCore.a(Print.o)
 .text._ZN5Print5printEPKc
                0x00000000        0x4 D:\code\UAL-EC~1\ARDUIN~1\ARDUIN~1\STEER_~1\ARDUIN~1\Release\libArduinoCore.a(Print.o)
 .text._ZN5Print5printEc
                0x00000000        0xe D:\code\UAL-EC~1\ARDUIN~1\ARDUIN~1\STEER_~1\ARDUIN~1\Release\libArduinoCore.a(Print.o)
 .text._ZN5Print5printERK9Printable
                0x00000000       0x14 D:\code\UAL-EC~1\ARDUIN~1\ARDUIN~1\STEER_~1\ARDUIN~1\Release\libArduinoCore.a(Print.o)
 .rodata.str1.1
                0x00000000       0x11 D:\code\UAL-EC~1\ARDUIN~1\ARDUIN~1\STEER_~1\ARDUIN~1\Release\libArduinoCore.a(Print.o)
 .text._ZN5Print7printlnEv
                0x00000000        0x8 D:\code\UAL-EC~1\ARDUIN~1\ARDUIN~1\STEER_~1\ARDUIN~1\Release\libArduinoCore.a(Print.o)
 .text._ZN5Print7printlnEPK19__FlashStringHelper
                0x00000000       0x24 D:\code\UAL-EC~1\ARDUIN~1\ARDUIN~1\STEER_~1\ARDUIN~1\Release\libArduinoCore.a(Print.o)
 .text._ZN5Print7printlnERK6String
                0x00000000       0x24 D:\code\UAL-EC~1\ARDUIN~1\ARDUIN~1\STEER_~1\ARDUIN~1\Release\libArduinoCore.a(Print.o)
 .text._ZN5Print7printlnEPKc
                0x00000000       0x24 D:\code\UAL-EC~1\ARDUIN~1\ARDUIN~1\STEER_~1\ARDUIN~1\Release\libArduinoCore.a(Print.o)
 .text._ZN5Print7printlnEc
                0x00000000       0x24 D:\code\UAL-EC~1\ARDUIN~1\ARDUIN~1\STEER_~1\ARDUIN~1\Release\libArduinoCore.a(Print.o)
 .text._ZN5Print7printlnERK9Printable
                0x00000000       0x24 D:\code\UAL-EC~1\ARDUIN~1\ARDUIN~1\STEER_~1\ARDUIN~1\Release\libArduinoCore.a(Print.o)
 .text._ZN5Print11printNumberEmh
                0x00000000       0xa8 D:\code\UAL-EC~1\ARDUIN~1\ARDUIN~1\STEER_~1\ARDUIN~1\Release\libArduinoCore.a(Print.o)
 .text._ZN5Print5printEli
                0x00000000       0x94 D:\code\UAL-EC~1\ARDUIN~1\ARDUIN~1\STEER_~1\ARDUIN~1\Release\libArduinoCore.a(Print.o)
 .text._ZN5Print5printEii
                0x00000000        0xe D:\code\UAL-EC~1\ARDUIN~1\ARDUIN~1\STEER_~1\ARDUIN~1\Release\libArduinoCore.a(Print.o)
 .text._ZN5Print7printlnEii
                0x00000000       0x2e D:\code\UAL-EC~1\ARDUIN~1\ARDUIN~1\STEER_~1\ARDUIN~1\Release\libArduinoCore.a(Print.o)
 .text._ZN5Print7printlnEli
                0x00000000       0x24 D:\code\UAL-EC~1\ARDUIN~1\ARDUIN~1\STEER_~1\ARDUIN~1\Release\libArduinoCore.a(Print.o)
 .text._ZN5Print5printEmi
                0x00000000       0x1a D:\code\UAL-EC~1\ARDUIN~1\ARDUIN~1\STEER_~1\ARDUIN~1\Release\libArduinoCore.a(Print.o)
 .text._ZN5Print5printEhi
                0x00000000        0xe D:\code\UAL-EC~1\ARDUIN~1\ARDUIN~1\STEER_~1\ARDUIN~1\Release\libArduinoCore.a(Print.o)
 .text._ZN5Print7printlnEhi
                0x00000000       0x2e D:\code\UAL-EC~1\ARDUIN~1\ARDUIN~1\STEER_~1\ARDUIN~1\Release\libArduinoCore.a(Print.o)
 .text._ZN5Print5printEji
                0x00000000        0xc D:\code\UAL-EC~1\ARDUIN~1\ARDUIN~1\STEER_~1\ARDUIN~1\Release\libArduinoCore.a(Print.o)
 .text._ZN5Print7printlnEji
                0x00000000       0x2c D:\code\UAL-EC~1\ARDUIN~1\ARDUIN~1\STEER_~1\ARDUIN~1\Release\libArduinoCore.a(Print.o)
 .text._ZN5Print7printlnEmi
                0x00000000       0x24 D:\code\UAL-EC~1\ARDUIN~1\ARDUIN~1\STEER_~1\ARDUIN~1\Release\libArduinoCore.a(Print.o)
 .text._ZN5Print10printFloatEdh
                0x00000000      0x1c6 D:\code\UAL-EC~1\ARDUIN~1\ARDUIN~1\STEER_~1\ARDUIN~1\Release\libArduinoCore.a(Print.o)
 .text._ZN5Print5printEdi
                0x00000000        0x4 D:\code\UAL-EC~1\ARDUIN~1\ARDUIN~1\STEER_~1\ARDUIN~1\Release\libArduinoCore.a(Print.o)
 .text._ZN5Print7printlnEdi
                0x00000000       0x24 D:\code\UAL-EC~1\ARDUIN~1\ARDUIN~1\STEER_~1\ARDUIN~1\Release\libArduinoCore.a(Print.o)
 .rodata._ZTV5Print
                0x00000000        0x8 D:\code\UAL-EC~1\ARDUIN~1\ARDUIN~1\STEER_~1\ARDUIN~1\Release\libArduinoCore.a(Print.o)
 .text          0x00000000        0x0 D:\code\UAL-EC~1\ARDUIN~1\ARDUIN~1\STEER_~1\ARDUIN~1\Release\libArduinoCore.a(wiring.o)
 .data          0x00000000        0x0 D:\code\UAL-EC~1\ARDUIN~1\ARDUIN~1\STEER_~1\ARDUIN~1\Release\libArduinoCore.a(wiring.o)
 .bss           0x00000000        0x0 D:\code\UAL-EC~1\ARDUIN~1\ARDUIN~1\STEER_~1\ARDUIN~1\Release\libArduinoCore.a(wiring.o)
 .text.millis   0x00000000       0x18 D:\code\UAL-EC~1\ARDUIN~1\ARDUIN~1\STEER_~1\ARDUIN~1\Release\libArduinoCore.a(wiring.o)
 .text.micros   0x00000000       0x4a D:\code\UAL-EC~1\ARDUIN~1\ARDUIN~1\STEER_~1\ARDUIN~1\Release\libArduinoCore.a(wiring.o)
 .text.delay    0x00000000       0x78 D:\code\UAL-EC~1\ARDUIN~1\ARDUIN~1\STEER_~1\ARDUIN~1\Release\libArduinoCore.a(wiring.o)
 .text          0x00000000        0x0 D:\code\UAL-EC~1\ARDUIN~1\ARDUIN~1\STEER_~1\ARDUIN~1\Release\libArduinoCore.a(wiring_digital.o)
 .data          0x00000000        0x0 D:\code\UAL-EC~1\ARDUIN~1\ARDUIN~1\STEER_~1\ARDUIN~1\Release\libArduinoCore.a(wiring_digital.o)
 .bss           0x00000000        0x0 D:\code\UAL-EC~1\ARDUIN~1\ARDUIN~1\STEER_~1\ARDUIN~1\Release\libArduinoCore.a(wiring_digital.o)
 .text          0x00000000        0x0 D:\code\UAL-EC~1\ARDUIN~1\ARDUIN~1\STEER_~1\ARDUIN~1\Release\libArduinoCore.a(SPI.o)
 .data          0x00000000        0x0 D:\code\UAL-EC~1\ARDUIN~1\ARDUIN~1\STEER_~1\ARDUIN~1\Release\libArduinoCore.a(SPI.o)
 .bss           0x00000000        0x0 D:\code\UAL-EC~1\ARDUIN~1\ARDUIN~1\STEER_~1\ARDUIN~1\Release\libArduinoCore.a(SPI.o)
 .text._ZN8SPIClass3endEv
                0x00000000       0x28 D:\code\UAL-EC~1\ARDUIN~1\ARDUIN~1\STEER_~1\ARDUIN~1\Release\libArduinoCore.a(SPI.o)
 .text._ZN8SPIClass14usingInterruptEh
                0x00000000       0x38 D:\code\UAL-EC~1\ARDUIN~1\ARDUIN~1\STEER_~1\ARDUIN~1\Release\libArduinoCore.a(SPI.o)
 .text._ZN8SPIClass17notUsingInterruptEh
                0x00000000       0x36 D:\code\UAL-EC~1\ARDUIN~1\ARDUIN~1\STEER_~1\ARDUIN~1\Release\libArduinoCore.a(SPI.o)
 .bss.SPI       0x00000000        0x1 D:\code\UAL-EC~1\ARDUIN~1\ARDUIN~1\STEER_~1\ARDUIN~1\Release\libArduinoCore.a(SPI.o)
 .text          0x00000000        0x0 D:\code\UAL-EC~1\ARDUIN~1\ARDUIN~1\STEER_~1\ARDUIN~1\Release\libArduinoCore.a(abi.o)
 .data          0x00000000        0x0 D:\code\UAL-EC~1\ARDUIN~1\ARDUIN~1\STEER_~1\ARDUIN~1\Release\libArduinoCore.a(abi.o)
 .bss           0x00000000        0x0 D:\code\UAL-EC~1\ARDUIN~1\ARDUIN~1\STEER_~1\ARDUIN~1\Release\libArduinoCore.a(abi.o)
 .text.__cxa_pure_virtual
                0x00000000        0x4 D:\code\UAL-EC~1\ARDUIN~1\ARDUIN~1\STEER_~1\ARDUIN~1\Release\libArduinoCore.a(abi.o)
 .text.__cxa_deleted_virtual
                0x00000000        0x4 D:\code\UAL-EC~1\ARDUIN~1\ARDUIN~1\STEER_~1\ARDUIN~1\Release\libArduinoCore.a(abi.o)
 .debug_info    0x00000000       0x8e D:\code\UAL-EC~1\ARDUIN~1\ARDUIN~1\STEER_~1\ARDUIN~1\Release\libArduinoCore.a(abi.o)
 .debug_abbrev  0x00000000       0x5e D:\code\UAL-EC~1\ARDUIN~1\ARDUIN~1\STEER_~1\ARDUIN~1\Release\libArduinoCore.a(abi.o)
 .debug_aranges
                0x00000000       0x28 D:\code\UAL-EC~1\ARDUIN~1\ARDUIN~1\STEER_~1\ARDUIN~1\Release\libArduinoCore.a(abi.o)
 .debug_ranges  0x00000000       0x18 D:\code\UAL-EC~1\ARDUIN~1\ARDUIN~1\STEER_~1\ARDUIN~1\Release\libArduinoCore.a(abi.o)
 .debug_line    0x00000000       0xbf D:\code\UAL-EC~1\ARDUIN~1\ARDUIN~1\STEER_~1\ARDUIN~1\Release\libArduinoCore.a(abi.o)
 .debug_str     0x00000000      0x1cb D:\code\UAL-EC~1\ARDUIN~1\ARDUIN~1\STEER_~1\ARDUIN~1\Release\libArduinoCore.a(abi.o)
 .comment       0x00000000       0x31 D:\code\UAL-EC~1\ARDUIN~1\ARDUIN~1\STEER_~1\ARDUIN~1\Release\libArduinoCore.a(abi.o)
 .debug_frame   0x00000000       0x34 D:\code\UAL-EC~1\ARDUIN~1\ARDUIN~1\STEER_~1\ARDUIN~1\Release\libArduinoCore.a(abi.o)
 .text          0x00000000        0x0 D:\code\UAL-EC~1\ARDUIN~1\ARDUIN~1\STEER_~1\ARDUIN~1\Release\libArduinoCore.a(hooks.o)
 .data          0x00000000        0x0 D:\code\UAL-EC~1\ARDUIN~1\ARDUIN~1\STEER_~1\ARDUIN~1\Release\libArduinoCore.a(hooks.o)
 .bss           0x00000000        0x0 D:\code\UAL-EC~1\ARDUIN~1\ARDUIN~1\STEER_~1\ARDUIN~1\Release\libArduinoCore.a(hooks.o)
 .text.__empty  0x00000000        0x2 D:\code\UAL-EC~1\ARDUIN~1\ARDUIN~1\STEER_~1\ARDUIN~1\Release\libArduinoCore.a(hooks.o)
 .debug_info    0x00000000       0x3e D:\code\UAL-EC~1\ARDUIN~1\ARDUIN~1\STEER_~1\ARDUIN~1\Release\libArduinoCore.a(hooks.o)
 .debug_abbrev  0x00000000       0x2a D:\code\UAL-EC~1\ARDUIN~1\ARDUIN~1\STEER_~1\ARDUIN~1\Release\libArduinoCore.a(hooks.o)
 .debug_aranges
                0x00000000       0x20 D:\code\UAL-EC~1\ARDUIN~1\ARDUIN~1\STEER_~1\ARDUIN~1\Release\libArduinoCore.a(hooks.o)
 .debug_ranges  0x00000000       0x10 D:\code\UAL-EC~1\ARDUIN~1\ARDUIN~1\STEER_~1\ARDUIN~1\Release\libArduinoCore.a(hooks.o)
 .debug_line    0x00000000       0x41 D:\code\UAL-EC~1\ARDUIN~1\ARDUIN~1\STEER_~1\ARDUIN~1\Release\libArduinoCore.a(hooks.o)
 .debug_str     0x00000000      0x159 D:\code\UAL-EC~1\ARDUIN~1\ARDUIN~1\STEER_~1\ARDUIN~1\Release\libArduinoCore.a(hooks.o)
 .comment       0x00000000       0x31 D:\code\UAL-EC~1\ARDUIN~1\ARDUIN~1\STEER_~1\ARDUIN~1\Release\libArduinoCore.a(hooks.o)
 .debug_frame   0x00000000       0x24 D:\code\UAL-EC~1\ARDUIN~1\ARDUIN~1\STEER_~1\ARDUIN~1\Release\libArduinoCore.a(hooks.o)
 .text          0x00000000        0x0 c:/program files (x86)/atmel/studio/7.0/toolchain/avr8/avr8-gnu-toolchain/bin/../lib/gcc/avr/4.9.2/../../../../avr/lib/avr5\libm.a(addsf3.o)
 .data          0x00000000        0x0 c:/program files (x86)/atmel/studio/7.0/toolchain/avr8/avr8-gnu-toolchain/bin/../lib/gcc/avr/4.9.2/../../../../avr/lib/avr5\libm.a(addsf3.o)
 .bss           0x00000000        0x0 c:/program files (x86)/atmel/studio/7.0/toolchain/avr8/avr8-gnu-toolchain/bin/../lib/gcc/avr/4.9.2/../../../../avr/lib/avr5\libm.a(addsf3.o)
 .text.avr-libc.fplib
                0x00000000        0xe c:/program files (x86)/atmel/studio/7.0/toolchain/avr8/avr8-gnu-toolchain/bin/../lib/gcc/avr/4.9.2/../../../../avr/lib/avr5\libm.a(addsf3.o)
 .text          0x00000000        0x0 c:/program files (x86)/atmel/studio/7.0/toolchain/avr8/avr8-gnu-toolchain/bin/../lib/gcc/avr/4.9.2/../../../../avr/lib/avr5\libm.a(addsf3x.o)
 .data          0x00000000        0x0 c:/program files (x86)/atmel/studio/7.0/toolchain/avr8/avr8-gnu-toolchain/bin/../lib/gcc/avr/4.9.2/../../../../avr/lib/avr5\libm.a(addsf3x.o)
 .bss           0x00000000        0x0 c:/program files (x86)/atmel/studio/7.0/toolchain/avr8/avr8-gnu-toolchain/bin/../lib/gcc/avr/4.9.2/../../../../avr/lib/avr5\libm.a(addsf3x.o)
 .text.avr-libc.fplib
                0x00000000       0xcc c:/program files (x86)/atmel/studio/7.0/toolchain/avr8/avr8-gnu-toolchain/bin/../lib/gcc/avr/4.9.2/../../../../avr/lib/avr5\libm.a(addsf3x.o)
 .text          0x00000000        0x0 c:/program files (x86)/atmel/studio/7.0/toolchain/avr8/avr8-gnu-toolchain/bin/../lib/gcc/avr/4.9.2/../../../../avr/lib/avr5\libm.a(cmpsf2.o)
 .data          0x00000000        0x0 c:/program files (x86)/atmel/studio/7.0/toolchain/avr8/avr8-gnu-toolchain/bin/../lib/gcc/avr/4.9.2/../../../../avr/lib/avr5\libm.a(cmpsf2.o)
 .bss           0x00000000        0x0 c:/program files (x86)/atmel/studio/7.0/toolchain/avr8/avr8-gnu-toolchain/bin/../lib/gcc/avr/4.9.2/../../../../avr/lib/avr5\libm.a(cmpsf2.o)
 .text.avr-libc.fplib
                0x00000000        0xa c:/program files (x86)/atmel/studio/7.0/toolchain/avr8/avr8-gnu-toolchain/bin/../lib/gcc/avr/4.9.2/../../../../avr/lib/avr5\libm.a(cmpsf2.o)
 .text          0x00000000        0x0 c:/program files (x86)/atmel/studio/7.0/toolchain/avr8/avr8-gnu-toolchain/bin/../lib/gcc/avr/4.9.2/../../../../avr/lib/avr5\libm.a(divsf3.o)
 .data          0x00000000        0x0 c:/program files (x86)/atmel/studio/7.0/toolchain/avr8/avr8-gnu-toolchain/bin/../lib/gcc/avr/4.9.2/../../../../avr/lib/avr5\libm.a(divsf3.o)
 .bss           0x00000000        0x0 c:/program files (x86)/atmel/studio/7.0/toolchain/avr8/avr8-gnu-toolchain/bin/../lib/gcc/avr/4.9.2/../../../../avr/lib/avr5\libm.a(divsf3.o)
 .text.avr-libc.fplib
                0x00000000        0x8 c:/program files (x86)/atmel/studio/7.0/toolchain/avr8/avr8-gnu-toolchain/bin/../lib/gcc/avr/4.9.2/../../../../avr/lib/avr5\libm.a(divsf3.o)
 .text          0x00000000        0x0 c:/program files (x86)/atmel/studio/7.0/toolchain/avr8/avr8-gnu-toolchain/bin/../lib/gcc/avr/4.9.2/../../../../avr/lib/avr5\libm.a(divsf3x.o)
 .data          0x00000000        0x0 c:/program files (x86)/atmel/studio/7.0/toolchain/avr8/avr8-gnu-toolchain/bin/../lib/gcc/avr/4.9.2/../../../../avr/lib/avr5\libm.a(divsf3x.o)
 .bss           0x00000000        0x0 c:/program files (x86)/atmel/studio/7.0/toolchain/avr8/avr8-gnu-toolchain/bin/../lib/gcc/avr/4.9.2/../../../../avr/lib/avr5\libm.a(divsf3x.o)
 .text.avr-libc.fplib
                0x00000000       0xdc c:/program files (x86)/atmel/studio/7.0/toolchain/avr8/avr8-gnu-toolchain/bin/../lib/gcc/avr/4.9.2/../../../../avr/lib/avr5\libm.a(divsf3x.o)
 .text          0x00000000        0x0 c:/program files (x86)/atmel/studio/7.0/toolchain/avr8/avr8-gnu-toolchain/bin/../lib/gcc/avr/4.9.2/../../../../avr/lib/avr5\libm.a(fixunssfsi.o)
 .data          0x00000000        0x0 c:/program files (x86)/atmel/studio/7.0/toolchain/avr8/avr8-gnu-toolchain/bin/../lib/gcc/avr/4.9.2/../../../../avr/lib/avr5\libm.a(fixunssfsi.o)
 .bss           0x00000000        0x0 c:/program files (x86)/atmel/studio/7.0/toolchain/avr8/avr8-gnu-toolchain/bin/../lib/gcc/avr/4.9.2/../../../../avr/lib/avr5\libm.a(fixunssfsi.o)
 .text.avr-libc.fplib
                0x00000000       0x5e c:/program files (x86)/atmel/studio/7.0/toolchain/avr8/avr8-gnu-toolchain/bin/../lib/gcc/avr/4.9.2/../../../../avr/lib/avr5\libm.a(fixunssfsi.o)
 .text          0x00000000        0x0 c:/program files (x86)/atmel/studio/7.0/toolchain/avr8/avr8-gnu-toolchain/bin/../lib/gcc/avr/4.9.2/../../../../avr/lib/avr5\libm.a(floatsisf.o)
 .data          0x00000000        0x0 c:/program files (x86)/atmel/studio/7.0/toolchain/avr8/avr8-gnu-toolchain/bin/../lib/gcc/avr/4.9.2/../../../../avr/lib/avr5\libm.a(floatsisf.o)
 .bss           0x00000000        0x0 c:/program files (x86)/atmel/studio/7.0/toolchain/avr8/avr8-gnu-toolchain/bin/../lib/gcc/avr/4.9.2/../../../../avr/lib/avr5\libm.a(floatsisf.o)
 .text.avr-libc.fplib
                0x00000000       0x7a c:/program files (x86)/atmel/studio/7.0/toolchain/avr8/avr8-gnu-toolchain/bin/../lib/gcc/avr/4.9.2/../../../../avr/lib/avr5\libm.a(floatsisf.o)
 .text          0x00000000        0x0 c:/program files (x86)/atmel/studio/7.0/toolchain/avr8/avr8-gnu-toolchain/bin/../lib/gcc/avr/4.9.2/../../../../avr/lib/avr5\libm.a(fp_cmp.o)
 .data          0x00000000        0x0 c:/program files (x86)/atmel/studio/7.0/toolchain/avr8/avr8-gnu-toolchain/bin/../lib/gcc/avr/4.9.2/../../../../avr/lib/avr5\libm.a(fp_cmp.o)
 .bss           0x00000000        0x0 c:/program files (x86)/atmel/studio/7.0/toolchain/avr8/avr8-gnu-toolchain/bin/../lib/gcc/avr/4.9.2/../../../../avr/lib/avr5\libm.a(fp_cmp.o)
 .text.avr-libc.fplib
                0x00000000       0x48 c:/program files (x86)/atmel/studio/7.0/toolchain/avr8/avr8-gnu-toolchain/bin/../lib/gcc/avr/4.9.2/../../../../avr/lib/avr5\libm.a(fp_cmp.o)
 .text          0x00000000        0x0 c:/program files (x86)/atmel/studio/7.0/toolchain/avr8/avr8-gnu-toolchain/bin/../lib/gcc/avr/4.9.2/../../../../avr/lib/avr5\libm.a(fp_inf.o)
 .data          0x00000000        0x0 c:/program files (x86)/atmel/studio/7.0/toolchain/avr8/avr8-gnu-toolchain/bin/../lib/gcc/avr/4.9.2/../../../../avr/lib/avr5\libm.a(fp_inf.o)
 .bss           0x00000000        0x0 c:/program files (x86)/atmel/studio/7.0/toolchain/avr8/avr8-gnu-toolchain/bin/../lib/gcc/avr/4.9.2/../../../../avr/lib/avr5\libm.a(fp_inf.o)
 .text.avr-libc.fplib
                0x00000000        0xc c:/program files (x86)/atmel/studio/7.0/toolchain/avr8/avr8-gnu-toolchain/bin/../lib/gcc/avr/4.9.2/../../../../avr/lib/avr5\libm.a(fp_inf.o)
 .text          0x00000000        0x0 c:/program files (x86)/atmel/studio/7.0/toolchain/avr8/avr8-gnu-toolchain/bin/../lib/gcc/avr/4.9.2/../../../../avr/lib/avr5\libm.a(fp_nan.o)
 .data          0x00000000        0x0 c:/program files (x86)/atmel/studio/7.0/toolchain/avr8/avr8-gnu-toolchain/bin/../lib/gcc/avr/4.9.2/../../../../avr/lib/avr5\libm.a(fp_nan.o)
 .bss           0x00000000        0x0 c:/program files (x86)/atmel/studio/7.0/toolchain/avr8/avr8-gnu-toolchain/bin/../lib/gcc/avr/4.9.2/../../../../avr/lib/avr5\libm.a(fp_nan.o)
 .text.avr-libc.fplib
                0x00000000        0x6 c:/program files (x86)/atmel/studio/7.0/toolchain/avr8/avr8-gnu-toolchain/bin/../lib/gcc/avr/4.9.2/../../../../avr/lib/avr5\libm.a(fp_nan.o)
 .text          0x00000000        0x0 c:/program files (x86)/atmel/studio/7.0/toolchain/avr8/avr8-gnu-toolchain/bin/../lib/gcc/avr/4.9.2/../../../../avr/lib/avr5\libm.a(fp_pscA.o)
 .data          0x00000000        0x0 c:/program files (x86)/atmel/studio/7.0/toolchain/avr8/avr8-gnu-toolchain/bin/../lib/gcc/avr/4.9.2/../../../../avr/lib/avr5\libm.a(fp_pscA.o)
 .bss           0x00000000        0x0 c:/program files (x86)/atmel/studio/7.0/toolchain/avr8/avr8-gnu-toolchain/bin/../lib/gcc/avr/4.9.2/../../../../avr/lib/avr5\libm.a(fp_pscA.o)
 .text.avr-libc.fplib
                0x00000000        0xe c:/program files (x86)/atmel/studio/7.0/toolchain/avr8/avr8-gnu-toolchain/bin/../lib/gcc/avr/4.9.2/../../../../avr/lib/avr5\libm.a(fp_pscA.o)
 .text          0x00000000        0x0 c:/program files (x86)/atmel/studio/7.0/toolchain/avr8/avr8-gnu-toolchain/bin/../lib/gcc/avr/4.9.2/../../../../avr/lib/avr5\libm.a(fp_pscB.o)
 .data          0x00000000        0x0 c:/program files (x86)/atmel/studio/7.0/toolchain/avr8/avr8-gnu-toolchain/bin/../lib/gcc/avr/4.9.2/../../../../avr/lib/avr5\libm.a(fp_pscB.o)
 .bss           0x00000000        0x0 c:/program files (x86)/atmel/studio/7.0/toolchain/avr8/avr8-gnu-toolchain/bin/../lib/gcc/avr/4.9.2/../../../../avr/lib/avr5\libm.a(fp_pscB.o)
 .text.avr-libc.fplib
                0x00000000        0xe c:/program files (x86)/atmel/studio/7.0/toolchain/avr8/avr8-gnu-toolchain/bin/../lib/gcc/avr/4.9.2/../../../../avr/lib/avr5\libm.a(fp_pscB.o)
 .text          0x00000000        0x0 c:/program files (x86)/atmel/studio/7.0/toolchain/avr8/avr8-gnu-toolchain/bin/../lib/gcc/avr/4.9.2/../../../../avr/lib/avr5\libm.a(fp_round.o)
 .data          0x00000000        0x0 c:/program files (x86)/atmel/studio/7.0/toolchain/avr8/avr8-gnu-toolchain/bin/../lib/gcc/avr/4.9.2/../../../../avr/lib/avr5\libm.a(fp_round.o)
 .bss           0x00000000        0x0 c:/program files (x86)/atmel/studio/7.0/toolchain/avr8/avr8-gnu-toolchain/bin/../lib/gcc/avr/4.9.2/../../../../avr/lib/avr5\libm.a(fp_round.o)
 .text.avr-libc.fplib
                0x00000000       0x22 c:/program files (x86)/atmel/studio/7.0/toolchain/avr8/avr8-gnu-toolchain/bin/../lib/gcc/avr/4.9.2/../../../../avr/lib/avr5\libm.a(fp_round.o)
 .text          0x00000000        0x0 c:/program files (x86)/atmel/studio/7.0/toolchain/avr8/avr8-gnu-toolchain/bin/../lib/gcc/avr/4.9.2/../../../../avr/lib/avr5\libm.a(fp_split3.o)
 .data          0x00000000        0x0 c:/program files (x86)/atmel/studio/7.0/toolchain/avr8/avr8-gnu-toolchain/bin/../lib/gcc/avr/4.9.2/../../../../avr/lib/avr5\libm.a(fp_split3.o)
 .bss           0x00000000        0x0 c:/program files (x86)/atmel/studio/7.0/toolchain/avr8/avr8-gnu-toolchain/bin/../lib/gcc/avr/4.9.2/../../../../avr/lib/avr5\libm.a(fp_split3.o)
 .text.avr-libc.fplib
                0x00000000       0x44 c:/program files (x86)/atmel/studio/7.0/toolchain/avr8/avr8-gnu-toolchain/bin/../lib/gcc/avr/4.9.2/../../../../avr/lib/avr5\libm.a(fp_split3.o)
 .text          0x00000000        0x0 c:/program files (x86)/atmel/studio/7.0/toolchain/avr8/avr8-gnu-toolchain/bin/../lib/gcc/avr/4.9.2/../../../../avr/lib/avr5\libm.a(fp_zero.o)
 .data          0x00000000        0x0 c:/program files (x86)/atmel/studio/7.0/toolchain/avr8/avr8-gnu-toolchain/bin/../lib/gcc/avr/4.9.2/../../../../avr/lib/avr5\libm.a(fp_zero.o)
 .bss           0x00000000        0x0 c:/program files (x86)/atmel/studio/7.0/toolchain/avr8/avr8-gnu-toolchain/bin/../lib/gcc/avr/4.9.2/../../../../avr/lib/avr5\libm.a(fp_zero.o)
 .text.avr-libc.fplib
                0x00000000        0xe c:/program files (x86)/atmel/studio/7.0/toolchain/avr8/avr8-gnu-toolchain/bin/../lib/gcc/avr/4.9.2/../../../../avr/lib/avr5\libm.a(fp_zero.o)
 .text          0x00000000        0x0 c:/program files (x86)/atmel/studio/7.0/toolchain/avr8/avr8-gnu-toolchain/bin/../lib/gcc/avr/4.9.2/../../../../avr/lib/avr5\libm.a(gesf2.o)
 .data          0x00000000        0x0 c:/program files (x86)/atmel/studio/7.0/toolchain/avr8/avr8-gnu-toolchain/bin/../lib/gcc/avr/4.9.2/../../../../avr/lib/avr5\libm.a(gesf2.o)
 .bss           0x00000000        0x0 c:/program files (x86)/atmel/studio/7.0/toolchain/avr8/avr8-gnu-toolchain/bin/../lib/gcc/avr/4.9.2/../../../../avr/lib/avr5\libm.a(gesf2.o)
 .text.avr-libc.fplib
                0x00000000        0xa c:/program files (x86)/atmel/studio/7.0/toolchain/avr8/avr8-gnu-toolchain/bin/../lib/gcc/avr/4.9.2/../../../../avr/lib/avr5\libm.a(gesf2.o)
 .text          0x00000000        0x0 c:/program files (x86)/atmel/studio/7.0/toolchain/avr8/avr8-gnu-toolchain/bin/../lib/gcc/avr/4.9.2/../../../../avr/lib/avr5\libm.a(mulsf3.o)
 .data          0x00000000        0x0 c:/program files (x86)/atmel/studio/7.0/toolchain/avr8/avr8-gnu-toolchain/bin/../lib/gcc/avr/4.9.2/../../../../avr/lib/avr5\libm.a(mulsf3.o)
 .bss           0x00000000        0x0 c:/program files (x86)/atmel/studio/7.0/toolchain/avr8/avr8-gnu-toolchain/bin/../lib/gcc/avr/4.9.2/../../../../avr/lib/avr5\libm.a(mulsf3.o)
 .text.avr-libc.fplib
                0x00000000        0x8 c:/program files (x86)/atmel/studio/7.0/toolchain/avr8/avr8-gnu-toolchain/bin/../lib/gcc/avr/4.9.2/../../../../avr/lib/avr5\libm.a(mulsf3.o)
 .text          0x00000000        0x0 c:/program files (x86)/atmel/studio/7.0/toolchain/avr8/avr8-gnu-toolchain/bin/../lib/gcc/avr/4.9.2/../../../../avr/lib/avr5\libm.a(mulsf3x.o)
 .data          0x00000000        0x0 c:/program files (x86)/atmel/studio/7.0/toolchain/avr8/avr8-gnu-toolchain/bin/../lib/gcc/avr/4.9.2/../../../../avr/lib/avr5\libm.a(mulsf3x.o)
 .bss           0x00000000        0x0 c:/program files (x86)/atmel/studio/7.0/toolchain/avr8/avr8-gnu-toolchain/bin/../lib/gcc/avr/4.9.2/../../../../avr/lib/avr5\libm.a(mulsf3x.o)
 .text.avr-libc.fplib
                0x00000000       0xd2 c:/program files (x86)/atmel/studio/7.0/toolchain/avr8/avr8-gnu-toolchain/bin/../lib/gcc/avr/4.9.2/../../../../avr/lib/avr5\libm.a(mulsf3x.o)
 .text          0x00000000        0x0 c:/program files (x86)/atmel/studio/7.0/toolchain/avr8/avr8-gnu-toolchain/bin/../lib/gcc/avr/4.9.2/../../../../avr/lib/avr5\libm.a(unordsf2.o)
 .data          0x00000000        0x0 c:/program files (x86)/atmel/studio/7.0/toolchain/avr8/avr8-gnu-toolchain/bin/../lib/gcc/avr/4.9.2/../../../../avr/lib/avr5\libm.a(unordsf2.o)
 .bss           0x00000000        0x0 c:/program files (x86)/atmel/studio/7.0/toolchain/avr8/avr8-gnu-toolchain/bin/../lib/gcc/avr/4.9.2/../../../../avr/lib/avr5\libm.a(unordsf2.o)
 .text.avr-libc.fplib
                0x00000000        0xa c:/program files (x86)/atmel/studio/7.0/toolchain/avr8/avr8-gnu-toolchain/bin/../lib/gcc/avr/4.9.2/../../../../avr/lib/avr5\libm.a(unordsf2.o)
 .text          0x00000000        0x0 c:/program files (x86)/atmel/studio/7.0/toolchain/avr8/avr8-gnu-toolchain/bin/../lib/gcc/avr/4.9.2/avr5\libgcc.a(_udivmodsi4.o)
 .data          0x00000000        0x0 c:/program files (x86)/atmel/studio/7.0/toolchain/avr8/avr8-gnu-toolchain/bin/../lib/gcc/avr/4.9.2/avr5\libgcc.a(_udivmodsi4.o)
 .bss           0x00000000        0x0 c:/program files (x86)/atmel/studio/7.0/toolchain/avr8/avr8-gnu-toolchain/bin/../lib/gcc/avr/4.9.2/avr5\libgcc.a(_udivmodsi4.o)
 .text.libgcc.mul
                0x00000000        0x0 c:/program files (x86)/atmel/studio/7.0/toolchain/avr8/avr8-gnu-toolchain/bin/../lib/gcc/avr/4.9.2/avr5\libgcc.a(_udivmodsi4.o)
 .text.libgcc   0x00000000        0x0 c:/program files (x86)/atmel/studio/7.0/toolchain/avr8/avr8-gnu-toolchain/bin/../lib/gcc/avr/4.9.2/avr5\libgcc.a(_udivmodsi4.o)
 .text.libgcc.prologue
                0x00000000        0x0 c:/program files (x86)/atmel/studio/7.0/toolchain/avr8/avr8-gnu-toolchain/bin/../lib/gcc/avr/4.9.2/avr5\libgcc.a(_udivmodsi4.o)
 .text.libgcc.builtins
                0x00000000        0x0 c:/program files (x86)/atmel/studio/7.0/toolchain/avr8/avr8-gnu-toolchain/bin/../lib/gcc/avr/4.9.2/avr5\libgcc.a(_udivmodsi4.o)
 .text.libgcc.fmul
                0x00000000        0x0 c:/program files (x86)/atmel/studio/7.0/toolchain/avr8/avr8-gnu-toolchain/bin/../lib/gcc/avr/4.9.2/avr5\libgcc.a(_udivmodsi4.o)
 .text.libgcc.fixed
                0x00000000        0x0 c:/program files (x86)/atmel/studio/7.0/toolchain/avr8/avr8-gnu-toolchain/bin/../lib/gcc/avr/4.9.2/avr5\libgcc.a(_udivmodsi4.o)
 .text          0x00000000        0x0 c:/program files (x86)/atmel/studio/7.0/toolchain/avr8/avr8-gnu-toolchain/bin/../lib/gcc/avr/4.9.2/avr5\libgcc.a(_exit.o)
 .data          0x00000000        0x0 c:/program files (x86)/atmel/studio/7.0/toolchain/avr8/avr8-gnu-toolchain/bin/../lib/gcc/avr/4.9.2/avr5\libgcc.a(_exit.o)
 .bss           0x00000000        0x0 c:/program files (x86)/atmel/studio/7.0/toolchain/avr8/avr8-gnu-toolchain/bin/../lib/gcc/avr/4.9.2/avr5\libgcc.a(_exit.o)
 .text.libgcc.mul
                0x00000000        0x0 c:/program files (x86)/atmel/studio/7.0/toolchain/avr8/avr8-gnu-toolchain/bin/../lib/gcc/avr/4.9.2/avr5\libgcc.a(_exit.o)
 .text.libgcc.div
                0x00000000        0x0 c:/program files (x86)/atmel/studio/7.0/toolchain/avr8/avr8-gnu-toolchain/bin/../lib/gcc/avr/4.9.2/avr5\libgcc.a(_exit.o)
 .text.libgcc   0x00000000        0x0 c:/program files (x86)/atmel/studio/7.0/toolchain/avr8/avr8-gnu-toolchain/bin/../lib/gcc/avr/4.9.2/avr5\libgcc.a(_exit.o)
 .text.libgcc.prologue
                0x00000000        0x0 c:/program files (x86)/atmel/studio/7.0/toolchain/avr8/avr8-gnu-toolchain/bin/../lib/gcc/avr/4.9.2/avr5\libgcc.a(_exit.o)
 .text.libgcc.builtins
                0x00000000        0x0 c:/program files (x86)/atmel/studio/7.0/toolchain/avr8/avr8-gnu-toolchain/bin/../lib/gcc/avr/4.9.2/avr5\libgcc.a(_exit.o)
 .text.libgcc.fmul
                0x00000000        0x0 c:/program files (x86)/atmel/studio/7.0/toolchain/avr8/avr8-gnu-toolchain/bin/../lib/gcc/avr/4.9.2/avr5\libgcc.a(_exit.o)
 .text.libgcc.fixed
                0x00000000        0x0 c:/program files (x86)/atmel/studio/7.0/toolchain/avr8/avr8-gnu-toolchain/bin/../lib/gcc/avr/4.9.2/avr5\libgcc.a(_exit.o)
 .text          0x00000000        0x0 c:/program files (x86)/atmel/studio/7.0/toolchain/avr8/avr8-gnu-toolchain/bin/../lib/gcc/avr/4.9.2/avr5\libgcc.a(_copy_data.o)
 .data          0x00000000        0x0 c:/program files (x86)/atmel/studio/7.0/toolchain/avr8/avr8-gnu-toolchain/bin/../lib/gcc/avr/4.9.2/avr5\libgcc.a(_copy_data.o)
 .bss           0x00000000        0x0 c:/program files (x86)/atmel/studio/7.0/toolchain/avr8/avr8-gnu-toolchain/bin/../lib/gcc/avr/4.9.2/avr5\libgcc.a(_copy_data.o)
 .text.libgcc.mul
                0x00000000        0x0 c:/program files (x86)/atmel/studio/7.0/toolchain/avr8/avr8-gnu-toolchain/bin/../lib/gcc/avr/4.9.2/avr5\libgcc.a(_copy_data.o)
 .text.libgcc.div
                0x00000000        0x0 c:/program files (x86)/atmel/studio/7.0/toolchain/avr8/avr8-gnu-toolchain/bin/../lib/gcc/avr/4.9.2/avr5\libgcc.a(_copy_data.o)
 .text.libgcc   0x00000000        0x0 c:/program files (x86)/atmel/studio/7.0/toolchain/avr8/avr8-gnu-toolchain/bin/../lib/gcc/avr/4.9.2/avr5\libgcc.a(_copy_data.o)
 .text.libgcc.prologue
                0x00000000        0x0 c:/program files (x86)/atmel/studio/7.0/toolchain/avr8/avr8-gnu-toolchain/bin/../lib/gcc/avr/4.9.2/avr5\libgcc.a(_copy_data.o)
 .text.libgcc.builtins
                0x00000000        0x0 c:/program files (x86)/atmel/studio/7.0/toolchain/avr8/avr8-gnu-toolchain/bin/../lib/gcc/avr/4.9.2/avr5\libgcc.a(_copy_data.o)
 .text.libgcc.fmul
                0x00000000        0x0 c:/program files (x86)/atmel/studio/7.0/toolchain/avr8/avr8-gnu-toolchain/bin/../lib/gcc/avr/4.9.2/avr5\libgcc.a(_copy_data.o)
 .text.libgcc.fixed
                0x00000000        0x0 c:/program files (x86)/atmel/studio/7.0/toolchain/avr8/avr8-gnu-toolchain/bin/../lib/gcc/avr/4.9.2/avr5\libgcc.a(_copy_data.o)
 .text          0x00000000        0x0 c:/program files (x86)/atmel/studio/7.0/toolchain/avr8/avr8-gnu-toolchain/bin/../lib/gcc/avr/4.9.2/avr5\libgcc.a(_clear_bss.o)
 .data          0x00000000        0x0 c:/program files (x86)/atmel/studio/7.0/toolchain/avr8/avr8-gnu-toolchain/bin/../lib/gcc/avr/4.9.2/avr5\libgcc.a(_clear_bss.o)
 .bss           0x00000000        0x0 c:/program files (x86)/atmel/studio/7.0/toolchain/avr8/avr8-gnu-toolchain/bin/../lib/gcc/avr/4.9.2/avr5\libgcc.a(_clear_bss.o)
 .text.libgcc.mul
                0x00000000        0x0 c:/program files (x86)/atmel/studio/7.0/toolchain/avr8/avr8-gnu-toolchain/bin/../lib/gcc/avr/4.9.2/avr5\libgcc.a(_clear_bss.o)
 .text.libgcc.div
                0x00000000        0x0 c:/program files (x86)/atmel/studio/7.0/toolchain/avr8/avr8-gnu-toolchain/bin/../lib/gcc/avr/4.9.2/avr5\libgcc.a(_clear_bss.o)
 .text.libgcc   0x00000000        0x0 c:/program files (x86)/atmel/studio/7.0/toolchain/avr8/avr8-gnu-toolchain/bin/../lib/gcc/avr/4.9.2/avr5\libgcc.a(_clear_bss.o)
 .text.libgcc.prologue
                0x00000000        0x0 c:/program files (x86)/atmel/studio/7.0/toolchain/avr8/avr8-gnu-toolchain/bin/../lib/gcc/avr/4.9.2/avr5\libgcc.a(_clear_bss.o)
 .text.libgcc.builtins
                0x00000000        0x0 c:/program files (x86)/atmel/studio/7.0/toolchain/avr8/avr8-gnu-toolchain/bin/../lib/gcc/avr/4.9.2/avr5\libgcc.a(_clear_bss.o)
 .text.libgcc.fmul
                0x00000000        0x0 c:/program files (x86)/atmel/studio/7.0/toolchain/avr8/avr8-gnu-toolchain/bin/../lib/gcc/avr/4.9.2/avr5\libgcc.a(_clear_bss.o)
 .text.libgcc.fixed
                0x00000000        0x0 c:/program files (x86)/atmel/studio/7.0/toolchain/avr8/avr8-gnu-toolchain/bin/../lib/gcc/avr/4.9.2/avr5\libgcc.a(_clear_bss.o)
 .text          0x00000000        0x0 c:/program files (x86)/atmel/studio/7.0/toolchain/avr8/avr8-gnu-toolchain/bin/../lib/gcc/avr/4.9.2/avr5\libgcc.a(_ctors.o)
 .data          0x00000000        0x0 c:/program files (x86)/atmel/studio/7.0/toolchain/avr8/avr8-gnu-toolchain/bin/../lib/gcc/avr/4.9.2/avr5\libgcc.a(_ctors.o)
 .bss           0x00000000        0x0 c:/program files (x86)/atmel/studio/7.0/toolchain/avr8/avr8-gnu-toolchain/bin/../lib/gcc/avr/4.9.2/avr5\libgcc.a(_ctors.o)
 .text.libgcc.mul
                0x00000000        0x0 c:/program files (x86)/atmel/studio/7.0/toolchain/avr8/avr8-gnu-toolchain/bin/../lib/gcc/avr/4.9.2/avr5\libgcc.a(_ctors.o)
 .text.libgcc.div
                0x00000000        0x0 c:/program files (x86)/atmel/studio/7.0/toolchain/avr8/avr8-gnu-toolchain/bin/../lib/gcc/avr/4.9.2/avr5\libgcc.a(_ctors.o)
 .text.libgcc   0x00000000        0x0 c:/program files (x86)/atmel/studio/7.0/toolchain/avr8/avr8-gnu-toolchain/bin/../lib/gcc/avr/4.9.2/avr5\libgcc.a(_ctors.o)
 .text.libgcc.prologue
                0x00000000        0x0 c:/program files (x86)/atmel/studio/7.0/toolchain/avr8/avr8-gnu-toolchain/bin/../lib/gcc/avr/4.9.2/avr5\libgcc.a(_ctors.o)
 .text.libgcc.builtins
                0x00000000        0x0 c:/program files (x86)/atmel/studio/7.0/toolchain/avr8/avr8-gnu-toolchain/bin/../lib/gcc/avr/4.9.2/avr5\libgcc.a(_ctors.o)
 .text.libgcc.fmul
                0x00000000        0x0 c:/program files (x86)/atmel/studio/7.0/toolchain/avr8/avr8-gnu-toolchain/bin/../lib/gcc/avr/4.9.2/avr5\libgcc.a(_ctors.o)
 .text.libgcc.fixed
                0x00000000        0x0 c:/program files (x86)/atmel/studio/7.0/toolchain/avr8/avr8-gnu-toolchain/bin/../lib/gcc/avr/4.9.2/avr5\libgcc.a(_ctors.o)
 .text          0x00000000        0x0 c:/program files (x86)/atmel/studio/7.0/toolchain/avr8/avr8-gnu-toolchain/bin/../lib/gcc/avr/4.9.2/avr5\libgcc.a(_tablejump2.o)
 .data          0x00000000        0x0 c:/program files (x86)/atmel/studio/7.0/toolchain/avr8/avr8-gnu-toolchain/bin/../lib/gcc/avr/4.9.2/avr5\libgcc.a(_tablejump2.o)
 .bss           0x00000000        0x0 c:/program files (x86)/atmel/studio/7.0/toolchain/avr8/avr8-gnu-toolchain/bin/../lib/gcc/avr/4.9.2/avr5\libgcc.a(_tablejump2.o)
 .text.libgcc.mul
                0x00000000        0x0 c:/program files (x86)/atmel/studio/7.0/toolchain/avr8/avr8-gnu-toolchain/bin/../lib/gcc/avr/4.9.2/avr5\libgcc.a(_tablejump2.o)
 .text.libgcc.div
                0x00000000        0x0 c:/program files (x86)/atmel/studio/7.0/toolchain/avr8/avr8-gnu-toolchain/bin/../lib/gcc/avr/4.9.2/avr5\libgcc.a(_tablejump2.o)
 .text.libgcc.prologue
                0x00000000        0x0 c:/program files (x86)/atmel/studio/7.0/toolchain/avr8/avr8-gnu-toolchain/bin/../lib/gcc/avr/4.9.2/avr5\libgcc.a(_tablejump2.o)
 .text.libgcc.builtins
                0x00000000        0x0 c:/program files (x86)/atmel/studio/7.0/toolchain/avr8/avr8-gnu-toolchain/bin/../lib/gcc/avr/4.9.2/avr5\libgcc.a(_tablejump2.o)
 .text.libgcc.fmul
                0x00000000        0x0 c:/program files (x86)/atmel/studio/7.0/toolchain/avr8/avr8-gnu-toolchain/bin/../lib/gcc/avr/4.9.2/avr5\libgcc.a(_tablejump2.o)
 .text.libgcc.fixed
                0x00000000        0x0 c:/program files (x86)/atmel/studio/7.0/toolchain/avr8/avr8-gnu-toolchain/bin/../lib/gcc/avr/4.9.2/avr5\libgcc.a(_tablejump2.o)
 .text          0x00000000        0x0 c:/program files (x86)/atmel/studio/7.0/toolchain/avr8/avr8-gnu-toolchain/bin/../lib/gcc/avr/4.9.2/../../../../avr/lib/avr5\libc.a(abort.o)
 .data          0x00000000        0x0 c:/program files (x86)/atmel/studio/7.0/toolchain/avr8/avr8-gnu-toolchain/bin/../lib/gcc/avr/4.9.2/../../../../avr/lib/avr5\libc.a(abort.o)
 .bss           0x00000000        0x0 c:/program files (x86)/atmel/studio/7.0/toolchain/avr8/avr8-gnu-toolchain/bin/../lib/gcc/avr/4.9.2/../../../../avr/lib/avr5\libc.a(abort.o)
 .text.avr-libc
                0x00000000        0xa c:/program files (x86)/atmel/studio/7.0/toolchain/avr8/avr8-gnu-toolchain/bin/../lib/gcc/avr/4.9.2/../../../../avr/lib/avr5\libc.a(abort.o)

Memory Configuration

Name             Origin             Length             Attributes
text             0x00000000         0x00020000         xr
data             0x00800060         0x0000ffa0         rw !x
eeprom           0x00810000         0x00010000         rw !x
fuse             0x00820000         0x00000400         rw !x
lock             0x00830000         0x00000400         rw !x
signature        0x00840000         0x00000400         rw !x
user_signatures  0x00850000         0x00000400         rw !x
*default*        0x00000000         0xffffffff

Linker script and memory map

Address of section .data set to 0x800100
LOAD C:/Program Files (x86)/Atmel/Studio/7.0/Packs/atmel/ATmega_DFP/1.0.106/gcc/dev/atmega328p/avr5/crtatmega328p.o
LOAD Sketch.o
START GROUP
LOAD c:/program files (x86)/atmel/studio/7.0/toolchain/avr8/avr8-gnu-toolchain/bin/../lib/gcc/avr/4.9.2/../../../../avr/lib/avr5\libm.a
LOAD D:\code\UAL-EC~1\ARDUIN~1\ARDUIN~1\STEER_~1\ARDUIN~1\Release\libArduinoCore.a
END GROUP
LOAD c:/program files (x86)/atmel/studio/7.0/toolchain/avr8/avr8-gnu-toolchain/bin/../lib/gcc/avr/4.9.2/avr5\libgcc.a
LOAD c:/program files (x86)/atmel/studio/7.0/toolchain/avr8/avr8-gnu-toolchain/bin/../lib/gcc/avr/4.9.2/../../../../avr/lib/avr5\libm.a
START GROUP
LOAD c:/program files (x86)/atmel/studio/7.0/toolchain/avr8/avr8-gnu-toolchain/bin/../lib/gcc/avr/4.9.2/avr5\libgcc.a
LOAD c:/program files (x86)/atmel/studio/7.0/toolchain/avr8/avr8-gnu-toolchain/bin/../lib/gcc/avr/4.9.2/../../../../avr/lib/avr5\libm.a
LOAD c:/program files (x86)/atmel/studio/7.0/toolchain/avr8/avr8-gnu-toolchain/bin/../lib/gcc/avr/4.9.2/../../../../avr/lib/avr5\libc.a
LOAD C:/Program Files (x86)/Atmel/Studio/7.0/Packs/atmel/ATmega_DFP/1.0.106/gcc/dev/atmega328p/avr5\libatmega328p.a
END GROUP
                0x00020000                __TEXT_REGION_LENGTH__ = DEFINED (__TEXT_REGION_LENGTH__)?__TEXT_REGION_LENGTH__:0x20000
                0x0000ffa0                __DATA_REGION_LENGTH__ = DEFINED (__DATA_REGION_LENGTH__)?__DATA_REGION_LENGTH__:0xffa0
                0x00010000                __EEPROM_REGION_LENGTH__ = DEFINED (__EEPROM_REGION_LENGTH__)?__EEPROM_REGION_LENGTH__:0x10000
                0x00000400                __FUSE_REGION_LENGTH__ = DEFINED (__FUSE_REGION_LENGTH__)?__FUSE_REGION_LENGTH__:0x400
                0x00000400                __LOCK_REGION_LENGTH__ = DEFINED (__LOCK_REGION_LENGTH__)?__LOCK_REGION_LENGTH__:0x400
                0x00000400                __SIGNATURE_REGION_LENGTH__ = DEFINED (__SIGNATURE_REGION_LENGTH__)?__SIGNATURE_REGION_LENGTH__:0x400
                0x00000400                __USER_SIGNATURE_REGION_LENGTH__ = DEFINED (__USER_SIGNATURE_REGION_LENGTH__)?__USER_SIGNATURE_REGION_LENGTH__:0x400

.hash
 *(.hash)

.dynsym
 *(.dynsym)

.dynstr
 *(.dynstr)

.gnu.version
 *(.gnu.version)

.gnu.version_d
 *(.gnu.version_d)

.gnu.version_r
 *(.gnu.version_r)

.rel.init
 *(.rel.init)

.rela.init
 *(.rela.init)

.rel.text
 *(.rel.text)
 *(.rel.text.*)
 *(.rel.gnu.linkonce.t*)

.rela.text
 *(.rela.text)
 *(.rela.text.*)
 *(.rela.gnu.linkonce.t*)

.rel.fini
 *(.rel.fini)

.rela.fini
 *(.rela.fini)

.rel.rodata
 *(.rel.rodata)
 *(.rel.rodata.*)
 *(.rel.gnu.linkonce.r*)

.rela.rodata
 *(.rela.rodata)
 *(.rela.rodata.*)
 *(.rela.gnu.linkonce.r*)

.rel.data
 *(.rel.data)
 *(.rel.data.*)
 *(.rel.gnu.linkonce.d*)

.rela.data
 *(.rela.data)
 *(.rela.data.*)
 *(.rela.gnu.linkonce.d*)

.rel.ctors
 *(.rel.ctors)

.rela.ctors
 *(.rela.ctors)

.rel.dtors
 *(.rel.dtors)

.rela.dtors
 *(.rela.dtors)

.rel.got
 *(.rel.got)

.rela.got
 *(.rela.got)

.rel.bss
 *(.rel.bss)

.rela.bss
 *(.rela.bss)

.rel.plt
 *(.rel.plt)

.rela.plt
 *(.rela.plt)

.text           0x00000000      0xad0
 *(.vectors)
 .vectors       0x00000000       0x68 C:/Program Files (x86)/Atmel/Studio/7.0/Packs/atmel/ATmega_DFP/1.0.106/gcc/dev/atmega328p/avr5/crtatmega328p.o
                0x00000000                __vector_default
                0x00000000                __vectors
 *(.vectors)
 *(.progmem.gcc*)
                0x00000068                . = ALIGN (0x2)
                0x00000068                __trampolines_start = .
 *(.trampolines)
 .trampolines   0x00000068        0x0 linker stubs
 *(.trampolines*)
                0x00000068                __trampolines_end = .
 *libprintf_flt.a:*(.progmem.data)
 *libc.a:*(.progmem.data)
 *(.progmem*)
 .progmem.data.digital_pin_to_timer_PGM
                0x00000068       0x14 D:\code\UAL-EC~1\ARDUIN~1\ARDUIN~1\STEER_~1\ARDUIN~1\Release\libArduinoCore.a(wiring_digital.o)
                0x00000068                digital_pin_to_timer_PGM
 .progmem.data.digital_pin_to_bit_mask_PGM
                0x0000007c       0x14 D:\code\UAL-EC~1\ARDUIN~1\ARDUIN~1\STEER_~1\ARDUIN~1\Release\libArduinoCore.a(wiring_digital.o)
                0x0000007c                digital_pin_to_bit_mask_PGM
 .progmem.data.digital_pin_to_port_PGM
                0x00000090       0x14 D:\code\UAL-EC~1\ARDUIN~1\ARDUIN~1\STEER_~1\ARDUIN~1\Release\libArduinoCore.a(wiring_digital.o)
                0x00000090                digital_pin_to_port_PGM
 .progmem.data.port_to_input_PGM
                0x000000a4        0xa D:\code\UAL-EC~1\ARDUIN~1\ARDUIN~1\STEER_~1\ARDUIN~1\Release\libArduinoCore.a(wiring_digital.o)
                0x000000a4                port_to_input_PGM
 .progmem.data.port_to_output_PGM
                0x000000ae        0xa D:\code\UAL-EC~1\ARDUIN~1\ARDUIN~1\STEER_~1\ARDUIN~1\Release\libArduinoCore.a(wiring_digital.o)
                0x000000ae                port_to_output_PGM
 .progmem.data.port_to_mode_PGM
                0x000000b8        0xa D:\code\UAL-EC~1\ARDUIN~1\ARDUIN~1\STEER_~1\ARDUIN~1\Release\libArduinoCore.a(wiring_digital.o)
                0x000000b8                port_to_mode_PGM
                0x000000c2                . = ALIGN (0x2)
 *(.jumptables)
 *(.jumptables*)
 *(.lowtext)
 *(.lowtext*)
                0x000000c2                __ctors_start = .
 *(.ctors)
 .ctors         0x000000c2        0x2 D:\code\UAL-EC~1\ARDUIN~1\ARDUIN~1\STEER_~1\ARDUIN~1\Release\libArduinoCore.a(HardwareSerial0.o)
                0x000000c4                __ctors_end = .
                0x000000c4                __dtors_start = .
 *(.dtors)
                0x000000c4                __dtors_end = .
 SORT(*)(.ctors)
 SORT(*)(.dtors)
 *(.init0)
 .init0         0x000000c4        0x0 C:/Program Files (x86)/Atmel/Studio/7.0/Packs/atmel/ATmega_DFP/1.0.106/gcc/dev/atmega328p/avr5/crtatmega328p.o
                0x000000c4                __init
 *(.init0)
 *(.init1)
 *(.init1)
 *(.init2)
 .init2         0x000000c4        0xc C:/Program Files (x86)/Atmel/Studio/7.0/Packs/atmel/ATmega_DFP/1.0.106/gcc/dev/atmega328p/avr5/crtatmega328p.o
 *(.init2)
 *(.init3)
 *(.init3)
 *(.init4)
 .init4         0x000000d0       0x16 c:/program files (x86)/atmel/studio/7.0/toolchain/avr8/avr8-gnu-toolchain/bin/../lib/gcc/avr/4.9.2/avr5\libgcc.a(_copy_data.o)
                0x000000d0                __do_copy_data
 .init4         0x000000e6       0x10 c:/program files (x86)/atmel/studio/7.0/toolchain/avr8/avr8-gnu-toolchain/bin/../lib/gcc/avr/4.9.2/avr5\libgcc.a(_clear_bss.o)
                0x000000e6                __do_clear_bss
 *(.init4)
 *(.init5)
 *(.init5)
 *(.init6)
 .init6         0x000000f6       0x16 c:/program files (x86)/atmel/studio/7.0/toolchain/avr8/avr8-gnu-toolchain/bin/../lib/gcc/avr/4.9.2/avr5\libgcc.a(_ctors.o)
                0x000000f6                __do_global_ctors
 *(.init6)
 *(.init7)
 *(.init7)
 *(.init8)
 *(.init8)
 *(.init9)
 .init9         0x0000010c        0x8 C:/Program Files (x86)/Atmel/Studio/7.0/Packs/atmel/ATmega_DFP/1.0.106/gcc/dev/atmega328p/avr5/crtatmega328p.o
 *(.init9)
 *(.text)
 .text          0x00000114        0x4 C:/Program Files (x86)/Atmel/Studio/7.0/Packs/atmel/ATmega_DFP/1.0.106/gcc/dev/atmega328p/avr5/crtatmega328p.o
                0x00000114                __vector_22
                0x00000114                __vector_1
                0x00000114                __vector_24
                0x00000114                __vector_12
                0x00000114                __bad_interrupt
                0x00000114                __vector_6
                0x00000114                __vector_3
                0x00000114                __vector_23
                0x00000114                __vector_25
                0x00000114                __vector_11
                0x00000114                __vector_13
                0x00000114                __vector_17
                0x00000114                __vector_7
                0x00000114                __vector_5
                0x00000114                __vector_4
                0x00000114                __vector_9
                0x00000114                __vector_2
                0x00000114                __vector_21
                0x00000114                __vector_15
                0x00000114                __vector_8
                0x00000114                __vector_14
                0x00000114                __vector_10
                0x00000114                __vector_20
                0x00000118                . = ALIGN (0x2)
 *(.text.*)
 .text._ZN8SPIClass10transfer16Ej
                0x00000118       0x3a Sketch.o
                0x00000118                _ZN8SPIClass10transfer16Ej
 .text._Z29mod_dac_max5500_send_spi_wordj
                0x00000152       0x88 Sketch.o
                0x00000152                _Z29mod_dac_max5500_send_spi_wordj
 .text._Z33mod_dac_max5500_update_single_DAChj
                0x000001da       0x18 Sketch.o
                0x000001da                _Z33mod_dac_max5500_update_single_DAChj
 .text.setup    0x000001f2       0x2e Sketch.o
                0x000001f2                setup
 .text._Z15process_commandhhPKh
                0x00000220       0xd8 Sketch.o
                0x00000220                _Z15process_commandhhPKh
 .text._Z20processIncommingPktsv
                0x000002f8       0x8e Sketch.o
                0x000002f8                _Z20processIncommingPktsv
 .text.loop     0x00000386        0x4 Sketch.o
                0x00000386                loop
 .text._ZN14HardwareSerial9availableEv
                0x0000038a       0x18 D:\code\UAL-EC~1\ARDUIN~1\ARDUIN~1\STEER_~1\ARDUIN~1\Release\libArduinoCore.a(HardwareSerial.o)
                0x0000038a                _ZN14HardwareSerial9availableEv
 .text._ZN14HardwareSerial4peekEv
                0x000003a2       0x1c D:\code\UAL-EC~1\ARDUIN~1\ARDUIN~1\STEER_~1\ARDUIN~1\Release\libArduinoCore.a(HardwareSerial.o)
                0x000003a2                _ZN14HardwareSerial4peekEv
 .text._ZN14HardwareSerial4readEv
                0x000003be       0x28 D:\code\UAL-EC~1\ARDUIN~1\ARDUIN~1\STEER_~1\ARDUIN~1\Release\libArduinoCore.a(HardwareSerial.o)
                0x000003be                _ZN14HardwareSerial4readEv
 .text._Z14serialEventRunv
                0x000003e6       0x1c D:\code\UAL-EC~1\ARDUIN~1\ARDUIN~1\STEER_~1\ARDUIN~1\Release\libArduinoCore.a(HardwareSerial.o)
                0x000003e6                _Z14serialEventRunv
 .text._ZN14HardwareSerial17_tx_udr_empty_irqEv
                0x00000402       0x42 D:\code\UAL-EC~1\ARDUIN~1\ARDUIN~1\STEER_~1\ARDUIN~1\Release\libArduinoCore.a(HardwareSerial.o)
                0x00000402                _ZN14HardwareSerial17_tx_udr_empty_irqEv
 .text._ZN14HardwareSerial5flushEv
                0x00000444       0x44 D:\code\UAL-EC~1\ARDUIN~1\ARDUIN~1\STEER_~1\ARDUIN~1\Release\libArduinoCore.a(HardwareSerial.o)
                0x00000444                _ZN14HardwareSerial5flushEv
 .text._ZN14HardwareSerial5writeEh
                0x00000488       0x8e D:\code\UAL-EC~1\ARDUIN~1\ARDUIN~1\STEER_~1\ARDUIN~1\Release\libArduinoCore.a(HardwareSerial.o)
                0x00000488                _ZN14HardwareSerial5writeEh
 .text._ZN14HardwareSerial5beginEmh
                0x00000516       0xca D:\code\UAL-EC~1\ARDUIN~1\ARDUIN~1\STEER_~1\ARDUIN~1\Release\libArduinoCore.a(HardwareSerial.o)
                0x00000516                _ZN14HardwareSerial5beginEmh
 .text.__vector_18
                0x000005e0       0x64 D:\code\UAL-EC~1\ARDUIN~1\ARDUIN~1\STEER_~1\ARDUIN~1\Release\libArduinoCore.a(HardwareSerial0.o)
                0x000005e0                __vector_18
 .text.__vector_19
                0x00000644       0x4c D:\code\UAL-EC~1\ARDUIN~1\ARDUIN~1\STEER_~1\ARDUIN~1\Release\libArduinoCore.a(HardwareSerial0.o)
                0x00000644                __vector_19
 .text._Z17Serial0_availablev
                0x00000690       0x14 D:\code\UAL-EC~1\ARDUIN~1\ARDUIN~1\STEER_~1\ARDUIN~1\Release\libArduinoCore.a(HardwareSerial0.o)
                0x00000690                _Z17Serial0_availablev
 .text.startup._GLOBAL__sub_I___vector_18
                0x000006a4       0x5a D:\code\UAL-EC~1\ARDUIN~1\ARDUIN~1\STEER_~1\ARDUIN~1\Release\libArduinoCore.a(HardwareSerial0.o)
 .text.initVariant
                0x000006fe        0x2 D:\code\UAL-EC~1\ARDUIN~1\ARDUIN~1\STEER_~1\ARDUIN~1\Release\libArduinoCore.a(main.o)
                0x000006fe                initVariant
 .text.startup.main
                0x00000700       0x1e D:\code\UAL-EC~1\ARDUIN~1\ARDUIN~1\STEER_~1\ARDUIN~1\Release\libArduinoCore.a(main.o)
                0x00000700                main
 .text._ZN5Print5writeEPKhj
                0x0000071e       0x56 D:\code\UAL-EC~1\ARDUIN~1\ARDUIN~1\STEER_~1\ARDUIN~1\Release\libArduinoCore.a(Print.o)
                0x0000071e                _ZN5Print5writeEPKhj
 .text.__vector_16
                0x00000774       0x94 D:\code\UAL-EC~1\ARDUIN~1\ARDUIN~1\STEER_~1\ARDUIN~1\Release\libArduinoCore.a(wiring.o)
                0x00000774                __vector_16
 .text.delayMicroseconds
                0x00000808       0x16 D:\code\UAL-EC~1\ARDUIN~1\ARDUIN~1\STEER_~1\ARDUIN~1\Release\libArduinoCore.a(wiring.o)
                0x00000808                delayMicroseconds
 .text.init     0x0000081e       0x76 D:\code\UAL-EC~1\ARDUIN~1\ARDUIN~1\STEER_~1\ARDUIN~1\Release\libArduinoCore.a(wiring.o)
                0x0000081e                init
 .text.turnOffPWM
                0x00000894       0x52 D:\code\UAL-EC~1\ARDUIN~1\ARDUIN~1\STEER_~1\ARDUIN~1\Release\libArduinoCore.a(wiring_digital.o)
 .text.pinMode  0x000008e6       0x78 D:\code\UAL-EC~1\ARDUIN~1\ARDUIN~1\STEER_~1\ARDUIN~1\Release\libArduinoCore.a(wiring_digital.o)
                0x000008e6                pinMode
 .text.digitalWrite
                0x0000095e       0x60 D:\code\UAL-EC~1\ARDUIN~1\ARDUIN~1\STEER_~1\ARDUIN~1\Release\libArduinoCore.a(wiring_digital.o)
                0x0000095e                digitalWrite
 .text.digitalRead
                0x000009be       0x52 D:\code\UAL-EC~1\ARDUIN~1\ARDUIN~1\STEER_~1\ARDUIN~1\Release\libArduinoCore.a(wiring_digital.o)
                0x000009be                digitalRead
 .text._ZN8SPIClass5beginEv
                0x00000a10       0x6c D:\code\UAL-EC~1\ARDUIN~1\ARDUIN~1\STEER_~1\ARDUIN~1\Release\libArduinoCore.a(SPI.o)
                0x00000a10                _ZN8SPIClass5beginEv
 .text.libgcc.div
                0x00000a7c       0x44 c:/program files (x86)/atmel/studio/7.0/toolchain/avr8/avr8-gnu-toolchain/bin/../lib/gcc/avr/4.9.2/avr5\libgcc.a(_udivmodsi4.o)
                0x00000a7c                __udivmodsi4
 .text.libgcc   0x00000ac0        0xc c:/program files (x86)/atmel/studio/7.0/toolchain/avr8/avr8-gnu-toolchain/bin/../lib/gcc/avr/4.9.2/avr5\libgcc.a(_tablejump2.o)
                0x00000ac0                __tablejump2__
                0x00000acc                . = ALIGN (0x2)
 *(.fini9)
 .fini9         0x00000acc        0x0 c:/program files (x86)/atmel/studio/7.0/toolchain/avr8/avr8-gnu-toolchain/bin/../lib/gcc/avr/4.9.2/avr5\libgcc.a(_exit.o)
                0x00000acc                _exit
                0x00000acc                exit
 *(.fini9)
 *(.fini8)
 *(.fini8)
 *(.fini7)
 *(.fini7)
 *(.fini6)
 *(.fini6)
 *(.fini5)
 *(.fini5)
 *(.fini4)
 *(.fini4)
 *(.fini3)
 *(.fini3)
 *(.fini2)
 *(.fini2)
 *(.fini1)
 *(.fini1)
 *(.fini0)
 .fini0         0x00000acc        0x4 c:/program files (x86)/atmel/studio/7.0/toolchain/avr8/avr8-gnu-toolchain/bin/../lib/gcc/avr/4.9.2/avr5\libgcc.a(_exit.o)
 *(.fini0)
                0x00000ad0                _etext = .

.data           0x00800100       0x20 load address 0x00000ad0
                0x00800100                PROVIDE (__data_start, .)
 *(.data)
 *(.data*)
 *(.rodata)
 .rodata        0x00800100        0xf Sketch.o
 *(.rodata*)
 .rodata._ZTV14HardwareSerial
                0x0080010f       0x10 D:\code\UAL-EC~1\ARDUIN~1\ARDUIN~1\STEER_~1\ARDUIN~1\Release\libArduinoCore.a(HardwareSerial.o)
                0x0080010f                _ZTV14HardwareSerial
 *(.gnu.linkonce.d*)
                0x00800120                . = ALIGN (0x2)
 *fill*         0x0080011f        0x1 
                0x00800120                _edata = .
                0x00800120                PROVIDE (__data_end, .)

.bss            0x00800120       0xc9
                0x00800120                PROVIDE (__bss_start, .)
 *(.bss)
 *(.bss*)
 .bss.rx_buf    0x00800120       0x1e Sketch.o
                0x00800120                rx_buf
 .bss.rx_buf_len
                0x0080013e        0x1 Sketch.o
                0x0080013e                rx_buf_len
 .bss.Serial    0x0080013f       0x9d D:\code\UAL-EC~1\ARDUIN~1\ARDUIN~1\STEER_~1\ARDUIN~1\Release\libArduinoCore.a(HardwareSerial0.o)
                0x0080013f                Serial
 .bss.timer0_fract
                0x008001dc        0x1 D:\code\UAL-EC~1\ARDUIN~1\ARDUIN~1\STEER_~1\ARDUIN~1\Release\libArduinoCore.a(wiring.o)
 .bss.timer0_millis
                0x008001dd        0x4 D:\code\UAL-EC~1\ARDUIN~1\ARDUIN~1\STEER_~1\ARDUIN~1\Release\libArduinoCore.a(wiring.o)
                0x008001dd                timer0_millis
 .bss.timer0_overflow_count
                0x008001e1        0x4 D:\code\UAL-EC~1\ARDUIN~1\ARDUIN~1\STEER_~1\ARDUIN~1\Release\libArduinoCore.a(wiring.o)
                0x008001e1                timer0_overflow_count
 .bss._ZN8SPIClass13interruptSaveE
                0x008001e5        0x1 D:\code\UAL-EC~1\ARDUIN~1\ARDUIN~1\STEER_~1\ARDUIN~1\Release\libArduinoCore.a(SPI.o)
                0x008001e5                _ZN8SPIClass13interruptSaveE
 .bss._ZN8SPIClass13interruptMaskE
                0x008001e6        0x1 D:\code\UAL-EC~1\ARDUIN~1\ARDUIN~1\STEER_~1\ARDUIN~1\Release\libArduinoCore.a(SPI.o)
                0x008001e6                _ZN8SPIClass13interruptMaskE
 .bss._ZN8SPIClass13interruptModeE
                0x008001e7        0x1 D:\code\UAL-EC~1\ARDUIN~1\ARDUIN~1\STEER_~1\ARDUIN~1\Release\libArduinoCore.a(SPI.o)
                0x008001e7                _ZN8SPIClass13interruptModeE
 .bss._ZN8SPIClass11initializedE
                0x008001e8        0x1 D:\code\UAL-EC~1\ARDUIN~1\ARDUIN~1\STEER_~1\ARDUIN~1\Release\libArduinoCore.a(SPI.o)
                0x008001e8                _ZN8SPIClass11initializedE
 *(COMMON)
                0x008001e9                PROVIDE (__bss_end, .)
                0x00000ad0                __data_load_start = LOADADDR (.data)
                0x00000af0                __data_load_end = (__data_load_start + SIZEOF (.data))

.noinit         0x008001e9        0x0
                [!provide]                PROVIDE (__noinit_start, .)
 *(.noinit*)
                [!provide]                PROVIDE (__noinit_end, .)
                0x008001e9                _end = .
                [!provide]                PROVIDE (__heap_start, .)

.eeprom         0x00810000        0x0
 *(.eeprom*)
                0x00810000                __eeprom_end = .

.fuse
 *(.fuse)
 *(.lfuse)
 *(.hfuse)
 *(.efuse)

.lock
 *(.lock*)

.signature
 *(.signature*)

.user_signatures
 *(.user_signatures*)

.stab
 *(.stab)

.stabstr
 *(.stabstr)

.stab.excl
 *(.stab.excl)

.stab.exclstr
 *(.stab.exclstr)

.stab.index
 *(.stab.index)

.stab.indexstr
 *(.stab.indexstr)

.comment        0x00000000       0x30
 *(.comment)
 .comment       0x00000000       0x30 Sketch.o
                                 0x31 (size before relaxing)
 .comment       0x00000030       0x31 D:\code\UAL-EC~1\ARDUIN~1\ARDUIN~1\STEER_~1\ARDUIN~1\Release\libArduinoCore.a(HardwareSerial.o)
 .comment       0x00000030       0x31 D:\code\UAL-EC~1\ARDUIN~1\ARDUIN~1\STEER_~1\ARDUIN~1\Release\libArduinoCore.a(HardwareSerial0.o)
 .comment       0x00000030       0x31 D:\code\UAL-EC~1\ARDUIN~1\ARDUIN~1\STEER_~1\ARDUIN~1\Release\libArduinoCore.a(main.o)
 .comment       0x00000030       0x31 D:\code\UAL-EC~1\ARDUIN~1\ARDUIN~1\STEER_~1\ARDUIN~1\Release\libArduinoCore.a(Print.o)
 .comment       0x00000030       0x31 D:\code\UAL-EC~1\ARDUIN~1\ARDUIN~1\STEER_~1\ARDUIN~1\Release\libArduinoCore.a(wiring.o)
 .comment       0x00000030       0x31 D:\code\UAL-EC~1\ARDUIN~1\ARDUIN~1\STEER_~1\ARDUIN~1\Release\libArduinoCore.a(wiring_digital.o)
 .comment       0x00000030       0x31 D:\code\UAL-EC~1\ARDUIN~1\ARDUIN~1\STEER_~1\ARDUIN~1\Release\libArduinoCore.a(SPI.o)

.note.gnu.avr.deviceinfo
                0x00000000       0x40
 .note.gnu.avr.deviceinfo
                0x00000000       0x40 C:/Program Files (x86)/Atmel/Studio/7.0/Packs/atmel/ATmega_DFP/1.0.106/gcc/dev/atmega328p/avr5/crtatmega328p.o

.note.gnu.build-id
 *(.note.gnu.build-id)

.debug
 *(.debug)

.line
 *(.line)

.debug_srcinfo
 *(.debug_srcinfo)

.debug_sfnames
 *(.debug_sfnames)

.debug_aranges  0x00000000      0x2e0
 *(.debug_aranges)
 .debug_aranges
                0x00000000       0x60 Sketch.o
 .debug_aranges
                0x00000060       0x68 D:\code\UAL-EC~1\ARDUIN~1\ARDUIN~1\STEER_~1\ARDUIN~1\Release\libArduinoCore.a(HardwareSerial.o)
 .debug_aranges
                0x000000c8       0x38 D:\code\UAL-EC~1\ARDUIN~1\ARDUIN~1\STEER_~1\ARDUIN~1\Release\libArduinoCore.a(HardwareSerial0.o)
 .debug_aranges
                0x00000100       0x38 D:\code\UAL-EC~1\ARDUIN~1\ARDUIN~1\STEER_~1\ARDUIN~1\Release\libArduinoCore.a(main.o)
 .debug_aranges
                0x00000138       0xf0 D:\code\UAL-EC~1\ARDUIN~1\ARDUIN~1\STEER_~1\ARDUIN~1\Release\libArduinoCore.a(Print.o)
 .debug_aranges
                0x00000228       0x48 D:\code\UAL-EC~1\ARDUIN~1\ARDUIN~1\STEER_~1\ARDUIN~1\Release\libArduinoCore.a(wiring.o)
 .debug_aranges
                0x00000270       0x38 D:\code\UAL-EC~1\ARDUIN~1\ARDUIN~1\STEER_~1\ARDUIN~1\Release\libArduinoCore.a(wiring_digital.o)
 .debug_aranges
                0x000002a8       0x38 D:\code\UAL-EC~1\ARDUIN~1\ARDUIN~1\STEER_~1\ARDUIN~1\Release\libArduinoCore.a(SPI.o)

.debug_pubnames
 *(.debug_pubnames)

.debug_info     0x00000000     0x8160
 *(.debug_info .gnu.linkonce.wi.*)
 .debug_info    0x00000000      0xd3e Sketch.o
 .debug_info    0x00000d3e     0x1e51 D:\code\UAL-EC~1\ARDUIN~1\ARDUIN~1\STEER_~1\ARDUIN~1\Release\libArduinoCore.a(HardwareSerial.o)
 .debug_info    0x00002b8f     0x1a4a D:\code\UAL-EC~1\ARDUIN~1\ARDUIN~1\STEER_~1\ARDUIN~1\Release\libArduinoCore.a(HardwareSerial0.o)
 .debug_info    0x000045d9      0x231 D:\code\UAL-EC~1\ARDUIN~1\ARDUIN~1\STEER_~1\ARDUIN~1\Release\libArduinoCore.a(main.o)
 .debug_info    0x0000480a     0x2a01 D:\code\UAL-EC~1\ARDUIN~1\ARDUIN~1\STEER_~1\ARDUIN~1\Release\libArduinoCore.a(Print.o)
 .debug_info    0x0000720b      0x2c8 D:\code\UAL-EC~1\ARDUIN~1\ARDUIN~1\STEER_~1\ARDUIN~1\Release\libArduinoCore.a(wiring.o)
 .debug_info    0x000074d3      0x5f9 D:\code\UAL-EC~1\ARDUIN~1\ARDUIN~1\STEER_~1\ARDUIN~1\Release\libArduinoCore.a(wiring_digital.o)
 .debug_info    0x00007acc      0x694 D:\code\UAL-EC~1\ARDUIN~1\ARDUIN~1\STEER_~1\ARDUIN~1\Release\libArduinoCore.a(SPI.o)

.debug_abbrev   0x00000000     0x1782
 *(.debug_abbrev)
 .debug_abbrev  0x00000000      0x49d Sketch.o
 .debug_abbrev  0x0000049d      0x478 D:\code\UAL-EC~1\ARDUIN~1\ARDUIN~1\STEER_~1\ARDUIN~1\Release\libArduinoCore.a(HardwareSerial.o)
 .debug_abbrev  0x00000915      0x3b1 D:\code\UAL-EC~1\ARDUIN~1\ARDUIN~1\STEER_~1\ARDUIN~1\Release\libArduinoCore.a(HardwareSerial0.o)
 .debug_abbrev  0x00000cc6      0x109 D:\code\UAL-EC~1\ARDUIN~1\ARDUIN~1\STEER_~1\ARDUIN~1\Release\libArduinoCore.a(main.o)
 .debug_abbrev  0x00000dcf      0x487 D:\code\UAL-EC~1\ARDUIN~1\ARDUIN~1\STEER_~1\ARDUIN~1\Release\libArduinoCore.a(Print.o)
 .debug_abbrev  0x00001256      0x145 D:\code\UAL-EC~1\ARDUIN~1\ARDUIN~1\STEER_~1\ARDUIN~1\Release\libArduinoCore.a(wiring.o)
 .debug_abbrev  0x0000139b      0x15b D:\code\UAL-EC~1\ARDUIN~1\ARDUIN~1\STEER_~1\ARDUIN~1\Release\libArduinoCore.a(wiring_digital.o)
 .debug_abbrev  0x000014f6      0x28c D:\code\UAL-EC~1\ARDUIN~1\ARDUIN~1\STEER_~1\ARDUIN~1\Release\libArduinoCore.a(SPI.o)

.debug_line     0x00000000     0x1b8e
 *(.debug_line .debug_line.* .debug_line_end)
 .debug_line    0x00000000      0x4f7 Sketch.o
 .debug_line    0x000004f7      0x43b D:\code\UAL-EC~1\ARDUIN~1\ARDUIN~1\STEER_~1\ARDUIN~1\Release\libArduinoCore.a(HardwareSerial.o)
 .debug_line    0x00000932      0x26c D:\code\UAL-EC~1\ARDUIN~1\ARDUIN~1\STEER_~1\ARDUIN~1\Release\libArduinoCore.a(HardwareSerial0.o)
 .debug_line    0x00000b9e      0x18a D:\code\UAL-EC~1\ARDUIN~1\ARDUIN~1\STEER_~1\ARDUIN~1\Release\libArduinoCore.a(main.o)
 .debug_line    0x00000d28      0x659 D:\code\UAL-EC~1\ARDUIN~1\ARDUIN~1\STEER_~1\ARDUIN~1\Release\libArduinoCore.a(Print.o)
 .debug_line    0x00001381      0x2ae D:\code\UAL-EC~1\ARDUIN~1\ARDUIN~1\STEER_~1\ARDUIN~1\Release\libArduinoCore.a(wiring.o)
 .debug_line    0x0000162f      0x267 D:\code\UAL-EC~1\ARDUIN~1\ARDUIN~1\STEER_~1\ARDUIN~1\Release\libArduinoCore.a(wiring_digital.o)
 .debug_line    0x00001896      0x2f8 D:\code\UAL-EC~1\ARDUIN~1\ARDUIN~1\STEER_~1\ARDUIN~1\Release\libArduinoCore.a(SPI.o)

.debug_frame    0x00000000      0x85c
 *(.debug_frame)
 .debug_frame   0x00000000      0x100 Sketch.o
 .debug_frame   0x00000100      0x110 D:\code\UAL-EC~1\ARDUIN~1\ARDUIN~1\STEER_~1\ARDUIN~1\Release\libArduinoCore.a(HardwareSerial.o)
 .debug_frame   0x00000210       0xc0 D:\code\UAL-EC~1\ARDUIN~1\ARDUIN~1\STEER_~1\ARDUIN~1\Release\libArduinoCore.a(HardwareSerial0.o)
 .debug_frame   0x000002d0       0x54 D:\code\UAL-EC~1\ARDUIN~1\ARDUIN~1\STEER_~1\ARDUIN~1\Release\libArduinoCore.a(main.o)
 .debug_frame   0x00000324      0x39c D:\code\UAL-EC~1\ARDUIN~1\ARDUIN~1\STEER_~1\ARDUIN~1\Release\libArduinoCore.a(Print.o)
 .debug_frame   0x000006c0       0xc4 D:\code\UAL-EC~1\ARDUIN~1\ARDUIN~1\STEER_~1\ARDUIN~1\Release\libArduinoCore.a(wiring.o)
 .debug_frame   0x00000784       0x7c D:\code\UAL-EC~1\ARDUIN~1\ARDUIN~1\STEER_~1\ARDUIN~1\Release\libArduinoCore.a(wiring_digital.o)
 .debug_frame   0x00000800       0x5c D:\code\UAL-EC~1\ARDUIN~1\ARDUIN~1\STEER_~1\ARDUIN~1\Release\libArduinoCore.a(SPI.o)

.debug_str      0x00000000     0x1f90
 *(.debug_str)
 .debug_str     0x00000000      0x832 Sketch.o
                                0x8a1 (size before relaxing)
 .debug_str     0x00000832     0x1045 D:\code\UAL-EC~1\ARDUIN~1\ARDUIN~1\STEER_~1\ARDUIN~1\Release\libArduinoCore.a(HardwareSerial.o)
                               0x136f (size before relaxing)
 .debug_str     0x00001877       0x8b D:\code\UAL-EC~1\ARDUIN~1\ARDUIN~1\STEER_~1\ARDUIN~1\Release\libArduinoCore.a(HardwareSerial0.o)
                               0x116f (size before relaxing)
 .debug_str     0x00001902       0x43 D:\code\UAL-EC~1\ARDUIN~1\ARDUIN~1\STEER_~1\ARDUIN~1\Release\libArduinoCore.a(main.o)
                                0x2da (size before relaxing)
 .debug_str     0x00001945      0x3ad D:\code\UAL-EC~1\ARDUIN~1\ARDUIN~1\STEER_~1\ARDUIN~1\Release\libArduinoCore.a(Print.o)
                                0xfcb (size before relaxing)
 .debug_str     0x00001cf2      0x13f D:\code\UAL-EC~1\ARDUIN~1\ARDUIN~1\STEER_~1\ARDUIN~1\Release\libArduinoCore.a(wiring.o)
                                0x264 (size before relaxing)
 .debug_str     0x00001e31       0xbb D:\code\UAL-EC~1\ARDUIN~1\ARDUIN~1\STEER_~1\ARDUIN~1\Release\libArduinoCore.a(wiring_digital.o)
                                0x2c9 (size before relaxing)
 .debug_str     0x00001eec       0xa4 D:\code\UAL-EC~1\ARDUIN~1\ARDUIN~1\STEER_~1\ARDUIN~1\Release\libArduinoCore.a(SPI.o)
                                0x69b (size before relaxing)

.debug_loc      0x00000000     0x34fe
 *(.debug_loc)
 .debug_loc     0x00000000      0x5c8 Sketch.o
 .debug_loc     0x000005c8      0x497 D:\code\UAL-EC~1\ARDUIN~1\ARDUIN~1\STEER_~1\ARDUIN~1\Release\libArduinoCore.a(HardwareSerial.o)
 .debug_loc     0x00000a5f      0x161 D:\code\UAL-EC~1\ARDUIN~1\ARDUIN~1\STEER_~1\ARDUIN~1\Release\libArduinoCore.a(HardwareSerial0.o)
 .debug_loc     0x00000bc0     0x1f0e D:\code\UAL-EC~1\ARDUIN~1\ARDUIN~1\STEER_~1\ARDUIN~1\Release\libArduinoCore.a(Print.o)
 .debug_loc     0x00002ace      0x269 D:\code\UAL-EC~1\ARDUIN~1\ARDUIN~1\STEER_~1\ARDUIN~1\Release\libArduinoCore.a(wiring.o)
 .debug_loc     0x00002d37      0x5e3 D:\code\UAL-EC~1\ARDUIN~1\ARDUIN~1\STEER_~1\ARDUIN~1\Release\libArduinoCore.a(wiring_digital.o)
 .debug_loc     0x0000331a      0x1e4 D:\code\UAL-EC~1\ARDUIN~1\ARDUIN~1\STEER_~1\ARDUIN~1\Release\libArduinoCore.a(SPI.o)

.debug_macinfo
 *(.debug_macinfo)

.debug_weaknames
 *(.debug_weaknames)

.debug_funcnames
 *(.debug_funcnames)

.debug_typenames
 *(.debug_typenames)

.debug_varnames
 *(.debug_varnames)

.debug_pubtypes
 *(.debug_pubtypes)

.debug_ranges   0x00000000      0x2d8
 *(.debug_ranges)
 .debug_ranges  0x00000000       0x68 Sketch.o
 .debug_ranges  0x00000068       0x70 D:\code\UAL-EC~1\ARDUIN~1\ARDUIN~1\STEER_~1\ARDUIN~1\Release\libArduinoCore.a(HardwareSerial.o)
 .debug_ranges  0x000000d8       0x28 D:\code\UAL-EC~1\ARDUIN~1\ARDUIN~1\STEER_~1\ARDUIN~1\Release\libArduinoCore.a(HardwareSerial0.o)
 .debug_ranges  0x00000100       0x28 D:\code\UAL-EC~1\ARDUIN~1\ARDUIN~1\STEER_~1\ARDUIN~1\Release\libArduinoCore.a(main.o)
 .debug_ranges  0x00000128      0x128 D:\code\UAL-EC~1\ARDUIN~1\ARDUIN~1\STEER_~1\ARDUIN~1\Release\libArduinoCore.a(Print.o)
 .debug_ranges  0x00000250       0x38 D:\code\UAL-EC~1\ARDUIN~1\ARDUIN~1\STEER_~1\ARDUIN~1\Release\libArduinoCore.a(wiring.o)
 .debug_ranges  0x00000288       0x28 D:\code\UAL-EC~1\ARDUIN~1\ARDUIN~1\STEER_~1\ARDUIN~1\Release\libArduinoCore.a(wiring_digital.o)
 .debug_ranges  0x000002b0       0x28 D:\code\UAL-EC~1\ARDUIN~1\ARDUIN~1\STEER_~1\ARDUIN~1\Release\libArduinoCore.a(SPI.o)

.debug_macro
 *(.debug_macro)
OUTPUT(steer_controller_dac_encoder_interface.elf elf32-avr)
LOAD linker stubs
